###############################################################################
#
# IAR ELF Linker V8.40.1.212/W32 for ARM                  17/May/2022  06:58:25
# Copyright 2007-2019 IAR Systems AB.
#
#    Output file  =  D:\Workspace\IAR\Graduate project\Debug\Exe\Project.out
#    Map file     =  D:\Workspace\IAR\Graduate project\Debug\List\Project.map
#    Command line =
#        -f C:\Users\mosta\AppData\Local\Temp\EW739E.tmp
#        ("D:\Workspace\IAR\Graduate project\Debug\Obj\ADC.o"
#        "D:\Workspace\IAR\Graduate project\Debug\Obj\APP.o"
#        "D:\Workspace\IAR\Graduate project\Debug\Obj\event_groups.o"
#        "D:\Workspace\IAR\Graduate project\Debug\Obj\FLASH.o"
#        "D:\Workspace\IAR\Graduate project\Debug\Obj\Frame_Provider_Task.o"
#        "D:\Workspace\IAR\Graduate project\Debug\Obj\FROM.o"
#        "D:\Workspace\IAR\Graduate project\Debug\Obj\GPIO.o"
#        "D:\Workspace\IAR\Graduate project\Debug\Obj\GYRO.o"
#        "D:\Workspace\IAR\Graduate project\Debug\Obj\heap_4.o"
#        "D:\Workspace\IAR\Graduate project\Debug\Obj\I2C.o"
#        "D:\Workspace\IAR\Graduate project\Debug\Obj\Latch.o"
#        "D:\Workspace\IAR\Graduate project\Debug\Obj\Latch_Task.o"
#        "D:\Workspace\IAR\Graduate project\Debug\Obj\list.o"
#        "D:\Workspace\IAR\Graduate project\Debug\Obj\Log_Saver_Task.o"
#        "D:\Workspace\IAR\Graduate project\Debug\Obj\MAGNETO.o"
#        "D:\Workspace\IAR\Graduate project\Debug\Obj\main.o"
#        "D:\Workspace\IAR\Graduate project\Debug\Obj\MemoryLayout.o"
#        "D:\Workspace\IAR\Graduate project\Debug\Obj\misc.o"
#        "D:\Workspace\IAR\Graduate project\Debug\Obj\MRAM.o"
#        "D:\Workspace\IAR\Graduate project\Debug\Obj\port.o"
#        "D:\Workspace\IAR\Graduate project\Debug\Obj\portasm.o"
#        "D:\Workspace\IAR\Graduate project\Debug\Obj\queue.o"
#        "D:\Workspace\IAR\Graduate project\Debug\Obj\RCC.o"
#        "D:\Workspace\IAR\Graduate project\Debug\Obj\Receiver_Task.o"
#        "D:\Workspace\IAR\Graduate project\Debug\Obj\SPI.o"
#        "D:\Workspace\IAR\Graduate project\Debug\Obj\SSP.o"
#        "D:\Workspace\IAR\Graduate project\Debug\Obj\SSP_funcs.o"
#        "D:\Workspace\IAR\Graduate project\Debug\Obj\startup_stm32f40_41xxx.o"
#        "D:\Workspace\IAR\Graduate project\Debug\Obj\system_stm32f4xx.o"
#        "D:\Workspace\IAR\Graduate project\Debug\Obj\tasks.o"
#        "D:\Workspace\IAR\Graduate project\Debug\Obj\Temp_STDS75.o"
#        "D:\Workspace\IAR\Graduate project\Debug\Obj\timers.o"
#        "D:\Workspace\IAR\Graduate project\Debug\Obj\TMR.o"
#        "D:\Workspace\IAR\Graduate project\Debug\Obj\Transmitter_Task.o"
#        "D:\Workspace\IAR\Graduate project\Debug\Obj\UART_Handler.o"
#        "D:\Workspace\IAR\Graduate project\Debug\Obj\Update_Telmetry_Task.o"
#        "D:\Workspace\IAR\Graduate project\Debug\Obj\USART.o"
#        --no_out_extension -o "D:\Workspace\IAR\Graduate
#        project\Debug\Exe\Project.out" --redirect _Printf=_PrintfFullNoMb
#        --redirect _Scanf=_ScanfFullNoMb --map "D:\Workspace\IAR\Graduate
#        project\Debug\List\Project.map" --config "C:\Program Files (x86)\IAR
#        Systems\Embedded Workbench 8.3\arm\config\linker\ST\stm32f407xG.icf"
#        --semihosting --entry Reset_Handler --vfe --text_out locale)
#
###############################################################################

*******************************************************************************
*** RUNTIME MODEL ATTRIBUTES
***

CppFlavor       = *
__SystemLibrary = DLib
__dlib_version  = 6


*******************************************************************************
*** HEAP SELECTION
***

The basic heap was selected because no calls to memory allocation
functions were found in the application outside of system library
functions, and there are calls to deallocation functions in the
application.


*******************************************************************************
*** PLACEMENT SUMMARY
***

"A0":  place at address 0x800'0000 { ro section .intvec };
"P1":  place in [from 0x800'0000 to 0x80f'ffff] { ro };
define block CSTACK with size = 8K, alignment = 8 { };
define block HEAP with size = 8K, alignment = 8 { };
"P4":  place in [from 0x2000'0000 to 0x2001'bfff] |
                [from 0x2001'c000 to 0x2001'ffff] {
          rw, block CSTACK, block HEAP };
initialize by copy { rw };

No sections matched the following patterns:

  ro section application_specific_ro  in "P2"
  section .backup_sram                in "P5"
  section .ccram                      in "P3"


  Section            Kind         Address      Size  Object
  -------            ----         -------      ----  ------
"A0":                                         0x188
  .intvec            ro code   0x800'0000     0x188  startup_stm32f40_41xxx.o [1]
                             - 0x800'0188     0x188

"P1":                                        0x425c
  .text              ro code   0x800'0188     0xd30  tasks.o [1]
  .text              ro code   0x800'0eb8     0x294  heap_4.o [1]
  .text              ro code   0x800'114c      0x98  list.o [1]
  .text              ro code   0x800'11e4      0x66  ABImemset.o [4]
  .text              ro code   0x800'124a      0x3a  zero_init3.o [4]
  .text              ro code   0x800'1284     0x258  port.o [1]
  CODE               ro code   0x800'14dc      0xb0  portasm.o [1]
  .text              ro code   0x800'158c     0x8b2  queue.o [1]
  .text              ro code   0x800'1e3e      0x2e  copy_init3.o [4]
  .text              ro code   0x800'1e6c      0xa6  ABImemcpy.o [4]
  .rodata            const     0x800'1f12       0x2  GYRO.o [1]
  .text              ro code   0x800'1f14     0x328  APP.o [1]
  .text              ro code   0x800'223c      0xfc  GPIO.o [1]
  .text              ro code   0x800'2338     0x238  TMR.o [1]
  .text              ro code   0x800'2570     0x140  I2C.o [1]
  .text              ro code   0x800'26b0      0x12  SPI.o [1]
  .text              ro code   0x800'26c2      0x82  ADC.o [1]
  .text              ro code   0x800'2744     0x1a8  USART.o [1]
  .text              ro code   0x800'28ec      0xb4  FLASH.o [1]
  .text              ro code   0x800'29a0      0x46  MAGNETO.o [1]
  .text              ro code   0x800'29e8      0x60  Temp_STDS75.o [1]
  .text              ro code   0x800'2a48     0x104  GYRO.o [1]
  .text              ro code   0x800'2b4c      0x74  MRAM.o [1]
  .text              ro code   0x800'2bc0       0x2  FROM.o [1]
  .text              ro code   0x800'2bc2      0x14  memset.o [4]
  .text              ro code   0x800'2bd8      0x1a  U32ToDbl.o [3]
  .text              ro code   0x800'2bf4     0x17a  DblAdd.o [3]
  .text              ro code   0x800'2d70      0x68  DblToFlt.o [3]
  .text              ro code   0x800'2dd8      0x48  FltToDbl.o [3]
  .text              ro code   0x800'2e20     0x246  DblDiv.o [3]
  .text              ro code   0x800'3068      0xd2  DblSub.o [3]
  .text              ro code   0x800'313c     0x2e8  SSP_funcs.o [1]
  .text              ro code   0x800'3424     0x13c  SSP.o [1]
  .text              ro code   0x800'3560     0x114  MemoryLayout.o [1]
  .text              ro code   0x800'3674      0x3c  Latch.o [1]
  .text              ro code   0x800'36b0     0x1a2  DblMul.o [3]
  .text              ro code   0x800'3854     0x130  main.o [1]
  .text              ro code   0x800'3984     0x124  system_stm32f4xx.o [1]
  .text              ro code   0x800'3aa8     0x120  UART_Handler.o [1]
  .rodata            const     0x800'3bc8     0x104  SSP.o [1]
  .text              ro code   0x800'3ccc      0xf4  Update_Telmetry_Task.o [1]
  .text              ro code   0x800'3dc0      0xd0  Receiver_Task.o [1]
  .text              ro code   0x800'3e90      0x54  Latch_Task.o [1]
  .text              ro code   0x800'3ee4      0x40  Transmitter_Task.o [1]
  .text              ro code   0x800'3f24      0x28  data_init.o [4]
  .text              ro code   0x800'3f4c      0x24  Log_Saver_Task.o [1]
  .text              ro code   0x800'3f70      0x22  fpinit_M.o [3]
  .iar.init_table    const     0x800'3f94      0x24  - Linker created -
  .text              ro code   0x800'3fb8      0x20  Frame_Provider_Task.o [1]
  .text              ro code   0x800'3fd8      0x1e  cmain.o [4]
  .text              ro code   0x800'3ff6       0x4  low_level_init.o [2]
  .text              ro code   0x800'3ffa       0x4  exit.o [2]
  .text              ro code   0x800'4000       0xa  cexit.o [4]
  .text              ro code   0x800'400c      0x14  exit.o [5]
  .text              ro code   0x800'4020      0x10  startup_stm32f40_41xxx.o [1]
  .text              ro code   0x800'4030       0xc  cstartup_M.o [4]
  .rodata            const     0x800'403c       0x8  main.o [1]
  .rodata            const     0x800'4044       0x8  main.o [1]
  .rodata            const     0x800'404c       0x8  main.o [1]
  .rodata            const     0x800'4054       0x8  main.o [1]
  .rodata            const     0x800'405c       0x8  main.o [1]
  .rodata            const     0x800'4064       0x8  main.o [1]
  .rodata            const     0x800'406c       0x8  tasks.o [1]
  .rodata            const     0x800'4074       0x4  heap_4.o [1]
  .rodata            const     0x800'4078       0x4  port.o [1]
  .text              ro code   0x800'407c       0x4  startup_stm32f40_41xxx.o [1]
  .text              ro code   0x800'4080       0x4  startup_stm32f40_41xxx.o [1]
  .text              ro code   0x800'4084       0x4  startup_stm32f40_41xxx.o [1]
  .text              ro code   0x800'4088       0x4  startup_stm32f40_41xxx.o [1]
  .text              ro code   0x800'408c       0x4  startup_stm32f40_41xxx.o [1]
  .text              ro code   0x800'4090       0x4  startup_stm32f40_41xxx.o [1]
  .text              ro code   0x800'4094       0x4  startup_stm32f40_41xxx.o [1]
  .text              ro code   0x800'4098       0x4  startup_stm32f40_41xxx.o [1]
  .text              ro code   0x800'409c       0x4  startup_stm32f40_41xxx.o [1]
  .text              ro code   0x800'40a0       0x4  startup_stm32f40_41xxx.o [1]
  .text              ro code   0x800'40a4       0x4  startup_stm32f40_41xxx.o [1]
  .text              ro code   0x800'40a8       0x4  startup_stm32f40_41xxx.o [1]
  .text              ro code   0x800'40ac       0x4  startup_stm32f40_41xxx.o [1]
  .text              ro code   0x800'40b0       0x4  startup_stm32f40_41xxx.o [1]
  .text              ro code   0x800'40b4       0x4  startup_stm32f40_41xxx.o [1]
  .text              ro code   0x800'40b8       0x4  startup_stm32f40_41xxx.o [1]
  .text              ro code   0x800'40bc       0x4  startup_stm32f40_41xxx.o [1]
  .text              ro code   0x800'40c0       0x4  startup_stm32f40_41xxx.o [1]
  .text              ro code   0x800'40c4       0x4  startup_stm32f40_41xxx.o [1]
  .text              ro code   0x800'40c8       0x4  startup_stm32f40_41xxx.o [1]
  .text              ro code   0x800'40cc       0x4  startup_stm32f40_41xxx.o [1]
  .text              ro code   0x800'40d0       0x4  startup_stm32f40_41xxx.o [1]
  .text              ro code   0x800'40d4       0x4  startup_stm32f40_41xxx.o [1]
  .text              ro code   0x800'40d8       0x4  startup_stm32f40_41xxx.o [1]
  .text              ro code   0x800'40dc       0x4  startup_stm32f40_41xxx.o [1]
  .text              ro code   0x800'40e0       0x4  startup_stm32f40_41xxx.o [1]
  .text              ro code   0x800'40e4       0x4  startup_stm32f40_41xxx.o [1]
  .text              ro code   0x800'40e8       0x4  startup_stm32f40_41xxx.o [1]
  .text              ro code   0x800'40ec       0x4  startup_stm32f40_41xxx.o [1]
  .text              ro code   0x800'40f0       0x4  startup_stm32f40_41xxx.o [1]
  .text              ro code   0x800'40f4       0x4  startup_stm32f40_41xxx.o [1]
  .text              ro code   0x800'40f8       0x4  startup_stm32f40_41xxx.o [1]
  .text              ro code   0x800'40fc       0x4  startup_stm32f40_41xxx.o [1]
  .text              ro code   0x800'4100       0x4  startup_stm32f40_41xxx.o [1]
  .text              ro code   0x800'4104       0x4  startup_stm32f40_41xxx.o [1]
  .text              ro code   0x800'4108       0x4  startup_stm32f40_41xxx.o [1]
  .text              ro code   0x800'410c       0x4  startup_stm32f40_41xxx.o [1]
  .text              ro code   0x800'4110       0x4  startup_stm32f40_41xxx.o [1]
  .text              ro code   0x800'4114       0x4  startup_stm32f40_41xxx.o [1]
  .text              ro code   0x800'4118       0x4  startup_stm32f40_41xxx.o [1]
  .text              ro code   0x800'411c       0x4  startup_stm32f40_41xxx.o [1]
  .text              ro code   0x800'4120       0x4  startup_stm32f40_41xxx.o [1]
  .text              ro code   0x800'4124       0x4  startup_stm32f40_41xxx.o [1]
  .text              ro code   0x800'4128       0x4  startup_stm32f40_41xxx.o [1]
  .text              ro code   0x800'412c       0x4  startup_stm32f40_41xxx.o [1]
  .text              ro code   0x800'4130       0x4  startup_stm32f40_41xxx.o [1]
  .text              ro code   0x800'4134       0x4  startup_stm32f40_41xxx.o [1]
  .text              ro code   0x800'4138       0x4  startup_stm32f40_41xxx.o [1]
  .text              ro code   0x800'413c       0x4  startup_stm32f40_41xxx.o [1]
  .text              ro code   0x800'4140       0x4  startup_stm32f40_41xxx.o [1]
  .text              ro code   0x800'4144       0x4  startup_stm32f40_41xxx.o [1]
  .text              ro code   0x800'4148       0x4  startup_stm32f40_41xxx.o [1]
  .text              ro code   0x800'414c       0x4  startup_stm32f40_41xxx.o [1]
  .text              ro code   0x800'4150       0x4  startup_stm32f40_41xxx.o [1]
  .text              ro code   0x800'4154       0x4  startup_stm32f40_41xxx.o [1]
  .text              ro code   0x800'4158       0x4  startup_stm32f40_41xxx.o [1]
  .text              ro code   0x800'415c       0x4  startup_stm32f40_41xxx.o [1]
  .text              ro code   0x800'4160       0x4  startup_stm32f40_41xxx.o [1]
  .text              ro code   0x800'4164       0x4  startup_stm32f40_41xxx.o [1]
  .text              ro code   0x800'4168       0x4  startup_stm32f40_41xxx.o [1]
  .text              ro code   0x800'416c       0x4  startup_stm32f40_41xxx.o [1]
  .text              ro code   0x800'4170       0x4  startup_stm32f40_41xxx.o [1]
  .text              ro code   0x800'4174       0x4  startup_stm32f40_41xxx.o [1]
  .text              ro code   0x800'4178       0x4  startup_stm32f40_41xxx.o [1]
  .text              ro code   0x800'417c       0x4  startup_stm32f40_41xxx.o [1]
  .text              ro code   0x800'4180       0x4  startup_stm32f40_41xxx.o [1]
  .text              ro code   0x800'4184       0x4  startup_stm32f40_41xxx.o [1]
  .text              ro code   0x800'4188       0x4  startup_stm32f40_41xxx.o [1]
  .text              ro code   0x800'418c       0x4  startup_stm32f40_41xxx.o [1]
  .text              ro code   0x800'4190       0x4  startup_stm32f40_41xxx.o [1]
  .text              ro code   0x800'4194       0x4  startup_stm32f40_41xxx.o [1]
  .text              ro code   0x800'4198       0x4  startup_stm32f40_41xxx.o [1]
  .text              ro code   0x800'419c       0x4  startup_stm32f40_41xxx.o [1]
  .text              ro code   0x800'41a0       0x4  startup_stm32f40_41xxx.o [1]
  .text              ro code   0x800'41a4       0x4  startup_stm32f40_41xxx.o [1]
  .text              ro code   0x800'41a8       0x4  startup_stm32f40_41xxx.o [1]
  .text              ro code   0x800'41ac       0x4  startup_stm32f40_41xxx.o [1]
  .text              ro code   0x800'41b0       0x4  startup_stm32f40_41xxx.o [1]
  .text              ro code   0x800'41b4       0x4  startup_stm32f40_41xxx.o [1]
  .text              ro code   0x800'41b8       0x4  startup_stm32f40_41xxx.o [1]
  .text              ro code   0x800'41bc       0x4  startup_stm32f40_41xxx.o [1]
  .text              ro code   0x800'41c0       0x4  startup_stm32f40_41xxx.o [1]
  .text              ro code   0x800'41c4       0x4  startup_stm32f40_41xxx.o [1]
  .text              ro code   0x800'41c8       0x4  startup_stm32f40_41xxx.o [1]
  .text              ro code   0x800'41cc       0x4  startup_stm32f40_41xxx.o [1]
  .text              ro code   0x800'41d0       0x4  startup_stm32f40_41xxx.o [1]
  .text              ro code   0x800'41d4       0x4  startup_stm32f40_41xxx.o [1]
  .rodata            const     0x800'41d8       0x0  zero_init3.o [4]
  .rodata            const     0x800'41d8       0x0  copy_init3.o [4]
  Initializer bytes  const     0x800'41d8     0x20c  <for P4 s0>
                             - 0x800'43e4    0x425c

"P4", part 1 of 3:                            0x20c
  P4 s0                       0x2000'0000     0x20c  <Init block>
    .data            inited   0x2000'0000     0x200  SSP.o [1]
    .data            inited   0x2000'0200       0x4  port.o [1]
    .data            inited   0x2000'0204       0x4  system_stm32f4xx.o [1]
    .data            inited   0x2000'0208       0x4  tasks.o [1]
                            - 0x2000'020c     0x20c

"P4", part 2 of 3:                         0x1'2df0
  .bss               zero     0x2000'020c  0x1'2c00  heap_4.o [1]
  .bss               zero     0x2001'2e0c      0x70  Latch.o [1]
  .bss               zero     0x2001'2e7c      0x64  tasks.o [1]
  .bss               zero     0x2001'2ee0      0x40  main.o [1]
  .bss               zero     0x2001'2f20      0x14  tasks.o [1]
  .bss               zero     0x2001'2f34      0x14  tasks.o [1]
  .bss               zero     0x2001'2f48      0x14  tasks.o [1]
  .bss               zero     0x2001'2f5c      0x14  tasks.o [1]
  .bss               zero     0x2001'2f70       0x8  heap_4.o [1]
  .bss               zero     0x2001'2f78       0x8  main.o [1]
  .bss               zero     0x2001'2f80       0x4  heap_4.o [1]
  .bss               zero     0x2001'2f84       0x4  heap_4.o [1]
  .bss               zero     0x2001'2f88       0x4  heap_4.o [1]
  .bss               zero     0x2001'2f8c       0x4  heap_4.o [1]
  .bss               zero     0x2001'2f90       0x4  heap_4.o [1]
  .bss               zero     0x2001'2f94       0x4  heap_4.o [1]
  .bss               zero     0x2001'2f98       0x4  main.o [1]
  .bss               zero     0x2001'2f9c       0x4  main.o [1]
  .bss               zero     0x2001'2fa0       0x4  main.o [1]
  .bss               zero     0x2001'2fa4       0x4  main.o [1]
  .bss               zero     0x2001'2fa8       0x4  main.o [1]
  .bss               zero     0x2001'2fac       0x4  MemoryLayout.o [1]
  .bss               zero     0x2001'2fb0       0x4  MRAM.o [1]
  .bss               zero     0x2001'2fb4       0x4  port.o [1]
  .bss               zero     0x2001'2fb8       0x4  tasks.o [1]
  .bss               zero     0x2001'2fbc       0x4  tasks.o [1]
  .bss               zero     0x2001'2fc0       0x4  tasks.o [1]
  .bss               zero     0x2001'2fc4       0x4  tasks.o [1]
  .bss               zero     0x2001'2fc8       0x4  tasks.o [1]
  .bss               zero     0x2001'2fcc       0x4  tasks.o [1]
  .bss               zero     0x2001'2fd0       0x4  tasks.o [1]
  .bss               zero     0x2001'2fd4       0x4  tasks.o [1]
  .bss               zero     0x2001'2fd8       0x4  tasks.o [1]
  .bss               zero     0x2001'2fdc       0x4  tasks.o [1]
  .bss               zero     0x2001'2fe0       0x4  tasks.o [1]
  .bss               zero     0x2001'2fe4       0x4  tasks.o [1]
  .bss               zero     0x2001'2fe8       0x4  tasks.o [1]
  .bss               zero     0x2001'2fec       0x4  tasks.o [1]
  .bss               zero     0x2001'2ff0       0x4  UART_Handler.o [1]
  .bss               zero     0x2001'2ff4       0x2  MemoryLayout.o [1]
  .bss               zero     0x2001'2ff6       0x1  MemoryLayout.o [1]
  .bss               zero     0x2001'2ff7       0x1  port.o [1]
  .bss               zero     0x2001'2ff8       0x1  UART_Handler.o [1]
                            - 0x2001'2ff9  0x1'2ded

"P4", part 3 of 3:                           0x2000
  CSTACK                      0x2001'3000    0x2000  <Block>
    CSTACK           uninit   0x2001'3000    0x2000  <Block tail>
                            - 0x2001'5000    0x2000

Unused ranges:

         From           To      Size
         ----           --      ----
   0x800'43e4   0x80f'ffff  0xf'bc1c
  0x2001'2ffc  0x2001'2fff       0x4
  0x2001'5000  0x2001'bfff    0x7000
  0x2001'c000  0x2001'ffff    0x4000


*******************************************************************************
*** INIT TABLE
***

          Address      Size
          -------      ----
Zero (__iar_zero_init3)
    1 destination range, total size 0x1'2ded:
          0x2000'020c  0x1'2ded

Copy (__iar_copy_init3)
    1 source range, total size 0x20c:
           0x800'41d8     0x20c
    1 destination range, total size 0x20c:
          0x2000'0000     0x20c



*******************************************************************************
*** MODULE SUMMARY
***

    Module                    ro code  ro data  rw data
    ------                    -------  -------  -------
command line/config:
    ---------------------------------------------------
    Total:

D:\Workspace\IAR\Graduate project\Debug\Obj: [1]
    ADC.o                         130
    APP.o                         808
    FLASH.o                       180
    FROM.o                          2
    Frame_Provider_Task.o          32
    GPIO.o                        252
    GYRO.o                        260        2
    I2C.o                         320
    Latch.o                        60               112
    Latch_Task.o                   84
    Log_Saver_Task.o               36
    MAGNETO.o                      70
    MRAM.o                        116                 4
    MemoryLayout.o                276                 7
    Receiver_Task.o               208
    SPI.o                          18
    SSP.o                         316      772      512
    SSP_funcs.o                   744
    TMR.o                         568
    Temp_STDS75.o                  96
    Transmitter_Task.o             64
    UART_Handler.o                288                 5
    USART.o                       424
    Update_Telmetry_Task.o        244
    heap_4.o                      660        4   76'832
    list.o                        152
    main.o                        304       48       92
    port.o                        600        8        9
    portasm.o                     176
    queue.o                     2'226
    startup_stm32f40_41xxx.o      756
    system_stm32f4xx.o            292        4        4
    tasks.o                     3'376       12      240
    ---------------------------------------------------
    Total:                     14'138      850   77'817

dl7M_tln.a: [2]
    exit.o                          4
    low_level_init.o                4
    ---------------------------------------------------
    Total:                          8

m7M_tls.a: [3]
    DblAdd.o                      378
    DblDiv.o                      582
    DblMul.o                      418
    DblSub.o                      210
    DblToFlt.o                    104
    FltToDbl.o                     72
    U32ToDbl.o                     26
    fpinit_M.o                     34
    ---------------------------------------------------
    Total:                      1'824

rt7M_tl.a: [4]
    ABImemcpy.o                   166
    ABImemset.o                   102
    cexit.o                        10
    cmain.o                        30
    copy_init3.o                   46
    cstartup_M.o                   12
    data_init.o                    40
    memset.o                       20
    zero_init3.o                   58
    ---------------------------------------------------
    Total:                        484

shb_l.a: [5]
    exit.o                         20
    ---------------------------------------------------
    Total:                         20

    Gaps                           18        2
    Linker created                          36    8'192
-------------------------------------------------------
    Grand Total:               16'492      888   86'009


*******************************************************************************
*** ENTRY LIST
***

Entry                       Address      Size  Type      Object
-----                       -------      ----  ----      ------
.iar.init_table$$Base    0x800'3f94             --   Gb  - Linker created -
.iar.init_table$$Limit   0x800'3fb8             --   Gb  - Linker created -
?main                    0x800'3fd9            Code  Gb  cmain.o [4]
ADC_myInit               0x800'26d5      0x50  Code  Gb  ADC.o [1]
ADC_myRead               0x800'2725      0x20  Code  Gb  ADC.o [1]
ADC_myStart              0x800'26c3      0x12  Code  Gb  ADC.o [1]
APP_ADCPins              0x800'214b      0x2e  Code  Gb  APP.o [1]
APP_FLASHPins            0x800'1f15      0x44  Code  Gb  APP.o [1]
APP_I2CPins              0x800'2045      0x46  Code  Gb  APP.o [1]
APP_SPIPins              0x800'208b      0xc0  Code  Gb  APP.o [1]
APP_TimerPins            0x800'1f59      0x84  Code  Gb  APP.o [1]
APP_UARTPins             0x800'2179      0x44  Code  Gb  APP.o [1]
APP_clockRun             0x800'1fdd      0x68  Code  Gb  APP.o [1]
APP_init                 0x800'21bd      0x48  Code  Gb  APP.o [1]
CSTACK$$Base            0x2001'3000             --   Gb  - Linker created -
CSTACK$$Limit           0x2001'5000             --   Gb  - Linker created -
CUSTOM                   0x800'3187       0x2  Code  Gb  SSP_funcs.o [1]
FLASH_init               0x800'28ed      0x26  Code  Gb  FLASH.o [1]
FLASH_lock               0x800'291f       0xc  Code  Gb  FLASH.o [1]
FLASH_readWord           0x800'2953       0x4  Code  Gb  FLASH.o [1]
FLASH_sectorErase        0x800'2957      0x34  Code  Gb  FLASH.o [1]
FLASH_unlock             0x800'2913       0xc  Code  Gb  FLASH.o [1]
FLASH_writeWord          0x800'292b      0x28  Code  Gb  FLASH.o [1]
FRAME_CRCCalc            0x800'3511      0x3c  Code  Gb  SSP.o [1]
FRAME_CRCCalc::bytetab  0x2000'0000     0x200  Data  Lc  SSP.o [1]
FRAME_CRCCmp             0x800'34a5      0x26  Code  Gb  SSP.o [1]
FRAME_CRCSet             0x800'34cb      0x20  Code  Gb  SSP.o [1]
FRAME_checkError         0x800'3425       0xe  Code  Gb  SSP.o [1]
FRAME_flush              0x800'3445       0xc  Code  Gb  SSP.o [1]
FRAME_lengthCheck        0x800'3451      0x12  Code  Gb  SSP.o [1]
FRAME_put                0x800'3433      0x12  Code  Gb  SSP.o [1]
FRAME_send               0x800'34eb      0x26  Code  Gb  SSP.o [1]
FRAME_typeCall           0x800'3463      0x14  Code  Gb  SSP.o [1]
FRAME_typeCheck          0x800'3477      0x2e  Code  Gb  SSP.o [1]
FROM_init                0x800'2bc1       0x2  Code  Gb  FROM.o [1]
FlashErase               0x800'3383      0x10  Code  Gb  SSP_funcs.o [1]
Flashlock                0x800'33a1       0xe  Code  Gb  SSP_funcs.o [1]
Flashunlock              0x800'3393       0xe  Code  Gb  SSP_funcs.o [1]
FrameGet                 0x800'3581      0x3c  Code  Lc  MemoryLayout.o [1]
FrameLoad                0x800'3607      0x5c  Code  Gb  MemoryLayout.o [1]
FrameStore               0x800'35bd      0x4a  Code  Gb  MemoryLayout.o [1]
FramesQueue             0x2001'2f98       0x4  Data  Gb  main.o [1]
GPIO_Init                0x800'223d      0xa8  Code  Gb  GPIO.o [1]
GPIO_PinAFConfig         0x800'22e5      0x54  Code  Gb  GPIO.o [1]
GYRO_Read                0x800'2a61      0xbe  Code  Gb  GYRO.o [1]
GYRO_init                0x800'2a49      0x18  Code  Gb  GYRO.o [1]
GYRO_read_WIA            0x800'2b1f      0x18  Code  Gb  GYRO.o [1]
I2C_myInit               0x800'2571      0x2e  Code  Gb  I2C.o [1]
I2C_myRequest            0x800'25f3      0xbe  Code  Gb  I2C.o [1]
I2C_myTransmit           0x800'259f      0x54  Code  Gb  I2C.o [1]
Latch_Handle            0x2001'2fa8       0x4  Data  Gb  main.o [1]
Latch_changeLatching     0x800'368d       0x8  Code  Gb  Latch.o [1]
Latch_changeSetting      0x800'367d       0x8  Code  Gb  Latch.o [1]
Latch_frame              0x800'3695      0x16  Code  Gb  Latch.o [1]
Latch_isLatched          0x800'3685       0x8  Code  Gb  Latch.o [1]
Latch_isset              0x800'3675       0x8  Code  Gb  Latch.o [1]
MAGNETO_Read             0x800'29a3      0x2e  Code  Gb  MAGNETO.o [1]
MAGNETO_init             0x800'29a1       0x2  Code  Gb  MAGNETO.o [1]
MAGNETO_read_WIA         0x800'29e1       0x6  Code  Gb  MAGNETO.o [1]
MRAMARR                 0x2001'2fb0       0x4  Data  Gb  MRAM.o [1]
MRAM_init                0x800'2b4d      0x10  Code  Gb  MRAM.o [1]
MRAM_readBuffer          0x800'2b5d      0x2e  Code  Gb  MRAM.o [1]
MRAM_writeBuffer         0x800'2b8b      0x2e  Code  Gb  MRAM.o [1]
NVIC_EnableIRQ           0x800'2745      0x14  Code  Lc  USART.o [1]
NVIC_SetPriority         0x800'2759      0x24  Code  Lc  USART.o [1]
PendSV_Handler           0x800'14dd            Code  Gb  portasm.o [1]
RESERVED                 0x800'3185       0x2  Code  Gb  SSP_funcs.o [1]
ReadLog                  0x800'33af       0xc  Code  Gb  SSP_funcs.o [1]
ReceivedFramesQueue     0x2001'2f9c       0x4  Data  Gb  main.o [1]
RecievedType             0x800'3bc8     0x104  Data  Lc  SSP.o [1]
Region$$Table$$Base      0x800'3f94             --   Gb  - Linker created -
Region$$Table$$Limit     0x800'3fb8             --   Gb  - Linker created -
Reset_Handler            0x800'4021            Code  Wk  startup_stm32f40_41xxx.o [1]
SPI_Init                 0x800'26b1      0x12  Code  Gb  SPI.o [1]
SVC_Handler              0x800'1535            Code  Gb  portasm.o [1]
SavedFramesQueue        0x2001'2fa4       0x4  Data  Gb  main.o [1]
SensorsData             0x2001'2ee0      0x40  Data  Gb  main.o [1]
SensorsInfo             0x2001'2f78       0x8  Data  Gb  main.o [1]
SetSysClock              0x800'39cb      0xaa  Code  Lc  system_stm32f4xx.o [1]
StartLatch               0x800'33bb      0x30  Code  Gb  SSP_funcs.o [1]
StopLatch                0x800'33eb      0x28  Code  Gb  SSP_funcs.o [1]
SysTick_Handler          0x800'1405      0x28  Code  Gb  port.o [1]
SystemCoreClock         0x2000'0204       0x4  Data  Gb  system_stm32f4xx.o [1]
SystemInit               0x800'3985      0x46  Code  Gb  system_stm32f4xx.o [1]
TMR_myInit               0x800'2445      0xcc  Code  Gb  TMR.o [1]
TMR_setPWM               0x800'2339     0x10c  Code  Gb  TMR.o [1]
Temp_Read                0x800'29eb      0x52  Code  Gb  Temp_STDS75.o [1]
Temp_init                0x800'29e9       0x2  Code  Gb  Temp_STDS75.o [1]
TransmittedFramesQueue  0x2001'2fa0       0x4  Data  Gb  main.o [1]
USART1_IRQHandler        0x800'3aa9     0x120  Code  Gb  UART_Handler.o [1]
USART1_IRQHandler::isthisme
                        0x2001'2ff8       0x1  Data  Lc  UART_Handler.o [1]
USART_GetFlagStatus      0x800'287f      0x14  Code  Gb  USART.o [1]
USART_GetITStatus        0x800'2893      0x5a  Code  Gb  USART.o [1]
USART_ReceiveData        0x800'2877       0x8  Code  Gb  USART.o [1]
USART_SendData           0x800'27f9      0x1c  Code  Gb  USART.o [1]
USART_SendStr            0x800'2815      0x62  Code  Gb  USART.o [1]
USART_myInit             0x800'277d      0x6c  Code  Gb  USART.o [1]
__aeabi_d2f              0x800'2d71            Code  Gb  DblToFlt.o [3]
__aeabi_dadd             0x800'2bf5            Code  Gb  DblAdd.o [3]
__aeabi_ddiv             0x800'2e21            Code  Gb  DblDiv.o [3]
__aeabi_dmul             0x800'36b1            Code  Gb  DblMul.o [3]
__aeabi_f2d              0x800'2dd9            Code  Gb  FltToDbl.o [3]
__aeabi_memcpy           0x800'1e6d            Code  Gb  ABImemcpy.o [4]
__aeabi_memcpy4          0x800'1e8d            Code  Gb  ABImemcpy.o [4]
__aeabi_memcpy8          0x800'1e8d            Code  Gb  ABImemcpy.o [4]
__aeabi_memset           0x800'11e5            Code  Gb  ABImemset.o [4]
__aeabi_ui2d             0x800'2bd9            Code  Gb  U32ToDbl.o [3]
__cmain                  0x800'3fd9            Code  Gb  cmain.o [4]
__exit                   0x800'400d      0x14  Code  Gb  exit.o [5]
__iar_Memset             0x800'11e5            Code  Gb  ABImemset.o [4]
__iar_Memset_word        0x800'11ed            Code  Gb  ABImemset.o [4]
__iar_copy_init3         0x800'1e3f      0x2e  Code  Gb  copy_init3.o [4]
__iar_dadd               0x800'3069            Code  Gb  DblSub.o [3]
__iar_data_init3         0x800'3f25      0x28  Code  Gb  data_init.o [4]
__iar_dsub               0x800'2c05            Code  Gb  DblAdd.o [3]
__iar_dsubStart          0x800'2c17            Code  Gb  DblAdd.o [3]
__iar_init_vfp           0x800'3f71            Code  Gb  fpinit_M.o [3]
__iar_program_start      0x800'4031            Code  Gb  cstartup_M.o [4]
__iar_zero_init3         0x800'124b      0x3a  Code  Gb  zero_init3.o [4]
__low_level_init         0x800'3ff7       0x4  Code  Gb  low_level_init.o [2]
__vector_table           0x800'0000            Data  Gb  startup_stm32f40_41xxx.o [1]
_call_main               0x800'3fe5            Code  Gb  cmain.o [4]
_exit                    0x800'4001            Code  Gb  cexit.o [4]
_main                    0x800'3ff3            Code  Gb  cmain.o [4]
ack                      0x800'316d       0xc  Code  Gb  SSP_funcs.o [1]
addrt                    0x800'3189       0x2  Code  Gb  SSP_funcs.o [1]
changeMotors             0x800'3303      0x32  Code  Gb  SSP_funcs.o [1]
delrt                    0x800'318b       0x2  Code  Gb  SSP_funcs.o [1]
exit                     0x800'3ffb       0x4  Code  Gb  exit.o [2]
flashRead                0x800'336d      0x16  Code  Gb  SSP_funcs.o [1]
flashWrite               0x800'3359      0x14  Code  Gb  SSP_funcs.o [1]
get                      0x800'317b       0x2  Code  Gb  SSP_funcs.o [1]
getAngles                0x800'318f      0x4a  Code  Gb  SSP_funcs.o [1]
getGyroData              0x800'31d9      0x4c  Code  Gb  SSP_funcs.o [1]
getIndexStart            0x800'3561      0x20  Code  Lc  MemoryLayout.o [1]
getMagnetoData           0x800'3225      0x50  Code  Gb  SSP_funcs.o [1]
getMotors                0x800'3335      0x24  Code  Gb  SSP_funcs.o [1]
getSSData                0x800'329d      0x3e  Code  Gb  SSP_funcs.o [1]
getTelemetryData         0x800'32db      0x28  Code  Gb  SSP_funcs.o [1]
getTempData              0x800'3275      0x28  Code  Gb  SSP_funcs.o [1]
getrt                    0x800'318d       0x2  Code  Gb  SSP_funcs.o [1]
id                       0x800'3183       0x2  Code  Gb  SSP_funcs.o [1]
init                     0x800'3165       0x8  Code  Gb  SSP_funcs.o [1]
latchvar                0x2001'2e0c      0x70  Data  Gb  Latch.o [1]
main                     0x800'3855      0xe2  Code  Gb  main.o [1]
memset                   0x800'2bc3      0x14  Code  Gb  memset.o [4]
nack                     0x800'3179       0x2  Code  Gb  SSP_funcs.o [1]
pFrame                  0x2001'2ff0       0x4  Data  Gb  UART_Handler.o [1]
pcInterruptPriorityRegisters
                         0x800'4078       0x4  Data  Lc  port.o [1]
ping                     0x800'315f       0x6  Code  Gb  SSP_funcs.o [1]
prvAddCurrentTaskToDelayedList
                         0x800'0e05      0x8a  Code  Lc  tasks.o [1]
prvAddNewTaskToReadyList
                         0x800'02cd      0xbc  Code  Lc  tasks.o [1]
prvCheckTasksWaitingTermination
                         0x800'0b49       0x2  Code  Lc  tasks.o [1]
prvCopyDataFromQueue     0x800'1d6d      0x2a  Code  Lc  queue.o [1]
prvCopyDataToQueue       0x800'1ce7      0x86  Code  Lc  queue.o [1]
prvGetDisinheritPriorityAfterTimeout
                         0x800'1cd3      0x14  Code  Lc  queue.o [1]
prvHeapInit              0x800'106b      0x5e  Code  Lc  heap_4.o [1]
prvIdleTask              0x800'0aed       0x8  Code  Lc  tasks.o [1]
prvInitialiseMutex       0x800'16cf      0x1e  Code  Lc  queue.o [1]
prvInitialiseNewQueue    0x800'16b3      0x1c  Code  Lc  queue.o [1]
prvInitialiseNewTask     0x800'01f5      0xd8  Code  Lc  tasks.o [1]
prvInitialiseTaskLists   0x800'0af5      0x4a  Code  Lc  tasks.o [1]
prvInsertBlockIntoFreeList
                         0x800'10c9      0x5e  Code  Lc  heap_4.o [1]
prvIsQueueEmpty          0x800'1e05      0x1c  Code  Lc  queue.o [1]
prvIsQueueFull           0x800'1e21      0x1e  Code  Lc  queue.o [1]
prvResetNextTaskUnblockTime
                         0x800'0b4b      0x22  Code  Lc  tasks.o [1]
prvTaskExitError         0x800'12ad      0x2a  Code  Lc  port.o [1]
prvTaskIsTaskSuspended   0x800'04bd      0x38  Code  Lc  tasks.o [1]
prvUnlockQueue           0x800'1d97      0x6e  Code  Lc  queue.o [1]
ptempFrame              0x2001'2fac       0x4  Data  Gb  MemoryLayout.o [1]
put                      0x800'317d       0x2  Code  Gb  SSP_funcs.o [1]
pvPortMalloc             0x800'0eb9     0x138  Code  Gb  heap_4.o [1]
pvTaskIncrementMutexHeldCount
                         0x800'0dc1      0x16  Code  Gb  tasks.o [1]
pxCurrentTCB            0x2001'2fb8       0x4  Data  Gb  tasks.o [1]
pxDelayedTaskList       0x2001'2fbc       0x4  Data  Lc  tasks.o [1]
pxEnd                   0x2001'2f80       0x4  Data  Lc  heap_4.o [1]
pxOverflowDelayedTaskList
                        0x2001'2fc0       0x4  Data  Lc  tasks.o [1]
pxPortInitialiseStack    0x800'1285      0x28  Code  Gb  port.o [1]
pxReadyTasksLists       0x2001'2e7c      0x64  Data  Lc  tasks.o [1]
queuefloat               0x800'313d      0x22  Code  Gb  SSP_funcs.o [1]
read                     0x800'317f       0x2  Code  Gb  SSP_funcs.o [1]
rear                    0x2001'2ff6       0x1  Data  Lc  MemoryLayout.o [1]
size                    0x2001'2ff4       0x2  Data  Lc  MemoryLayout.o [1]
ucHeap                  0x2000'020c  0x1'2c00  Data  Lc  heap_4.o [1]
ucMaxSysCallPriority    0x2001'2ff7       0x1  Data  Lc  port.o [1]
ulMaxPRIGROUPValue      0x2001'2fb4       0x4  Data  Lc  port.o [1]
uxCriticalNesting       0x2000'0200       0x4  Data  Lc  port.o [1]
uxCurrentNumberOfTasks  0x2001'2fc4       0x4  Data  Lc  tasks.o [1]
uxListRemove             0x800'11bf      0x26  Code  Gb  list.o [1]
uxSchedulerSuspended    0x2001'2fec       0x4  Data  Lc  tasks.o [1]
uxTaskNumber            0x2001'2fe0       0x4  Data  Lc  tasks.o [1]
uxTopReadyPriority      0x2001'2fcc       0x4  Data  Lc  tasks.o [1]
uxTopUsedPriority       0x2000'0208       0x4  Data  Gb  tasks.o [1]
vFrame_Provider_Task     0x800'3fb9      0x20  Code  Gb  Frame_Provider_Task.o [1]
vLatch_Task              0x800'3e91      0x54  Code  Gb  Latch_Task.o [1]
vListInitialise          0x800'114d      0x1e  Code  Gb  list.o [1]
vListInitialiseItem      0x800'116b       0x6  Code  Gb  list.o [1]
vListInsert              0x800'1189      0x36  Code  Gb  list.o [1]
vListInsertEnd           0x800'1171      0x18  Code  Gb  list.o [1]
vLog_Saver_Task          0x800'3f4d      0x24  Code  Gb  Log_Saver_Task.o [1]
vPortEnableVFP           0x800'1571            Code  Gb  portasm.o [1]
vPortEnterCritical       0x800'13a5      0x34  Code  Gb  port.o [1]
vPortExitCritical        0x800'13d9      0x2c  Code  Gb  port.o [1]
vPortFree                0x800'0ff1      0x7a  Code  Gb  heap_4.o [1]
vPortStartFirstTask      0x800'1551            Code  Gb  portasm.o [1]
vPortValidateInterruptPriority
                         0x800'142d      0x4a  Code  Gb  port.o [1]
vReceiver_Task           0x800'3dc1      0xd0  Code  Gb  Receiver_Task.o [1]
vTaskDelay               0x800'0389      0x4c  Code  Gb  tasks.o [1]
vTaskInternalSetTimeOutState
                         0x800'0a41      0x12  Code  Gb  tasks.o [1]
vTaskMissedYield         0x800'0ad9       0x8  Code  Gb  tasks.o [1]
vTaskPlaceOnEventList    0x800'0921      0x2c  Code  Gb  tasks.o [1]
vTaskPriorityDisinheritAfterTimeout
                         0x800'0cf5      0xc8  Code  Gb  tasks.o [1]
vTaskResume              0x800'04f5      0xa2  Code  Gb  tasks.o [1]
vTaskStartScheduler      0x800'0597      0x6a  Code  Gb  tasks.o [1]
vTaskSuspend             0x800'03d5      0xe8  Code  Gb  tasks.o [1]
vTaskSuspendAll          0x800'0601       0xc  Code  Gb  tasks.o [1]
vTaskSwitchContext       0x800'08b1      0x70  Code  Gb  tasks.o [1]
vTransmitter_Task        0x800'3ee5      0x40  Code  Gb  Transmitter_Task.o [1]
vUpdate_Telmetry_Task    0x800'3ccd      0xf4  Code  Gb  Update_Telmetry_Task.o [1]
write                    0x800'3181       0x2  Code  Gb  SSP_funcs.o [1]
xBlockAllocatedBit      0x2001'2f94       0x4  Data  Lc  heap_4.o [1]
xDelayedTaskList1       0x2001'2f20      0x14  Data  Lc  tasks.o [1]
xDelayedTaskList2       0x2001'2f34      0x14  Data  Lc  tasks.o [1]
xFreeBytesRemaining     0x2001'2f84       0x4  Data  Lc  heap_4.o [1]
xHeapStructSize          0x800'4074       0x4  Data  Lc  heap_4.o [1]
xIdleTaskHandle         0x2001'2fe8       0x4  Data  Lc  tasks.o [1]
xMinimumEverFreeBytesRemaining
                        0x2001'2f88       0x4  Data  Lc  heap_4.o [1]
xNextTaskUnblockTime    0x2001'2fe4       0x4  Data  Lc  tasks.o [1]
xNumOfOverflows         0x2001'2fdc       0x4  Data  Lc  tasks.o [1]
xNumberOfSuccessfulAllocations
                        0x2001'2f8c       0x4  Data  Lc  heap_4.o [1]
xNumberOfSuccessfulFrees
                        0x2001'2f90       0x4  Data  Lc  heap_4.o [1]
xPendedTicks            0x2001'2fd4       0x4  Data  Lc  tasks.o [1]
xPendingReadyList       0x2001'2f48      0x14  Data  Lc  tasks.o [1]
xPortStartScheduler      0x800'12d7      0xce  Code  Gb  port.o [1]
xQueueCreateMutex        0x800'16ed      0x1a  Code  Gb  queue.o [1]
xQueueGenericCreate      0x800'1653      0x60  Code  Gb  queue.o [1]
xQueueGenericReset       0x800'158d      0xc6  Code  Gb  queue.o [1]
xQueueGenericSend        0x800'1707     0x16c  Code  Gb  queue.o [1]
xQueueGenericSendFromISR
                         0x800'1873      0xf8  Code  Gb  queue.o [1]
xQueueReceive            0x800'196b     0x130  Code  Gb  queue.o [1]
xQueueReceiveFromISR     0x800'1c0d      0xc6  Code  Gb  queue.o [1]
xQueueSemaphoreTake      0x800'1a9b     0x16c  Code  Gb  queue.o [1]
xSchedulerRunning       0x2001'2fd0       0x4  Data  Lc  tasks.o [1]
xStart                  0x2001'2f70       0x8  Data  Lc  heap_4.o [1]
xSuspendedTaskList      0x2001'2f5c      0x14  Data  Lc  tasks.o [1]
xTaskCheckForTimeOut     0x800'0a53      0x86  Code  Gb  tasks.o [1]
xTaskCreate              0x800'0189      0x6c  Code  Gb  tasks.o [1]
xTaskIncrementTick       0x800'0751     0x160  Code  Gb  tasks.o [1]
xTaskPriorityDisinherit
                         0x800'0c31      0xc0  Code  Gb  tasks.o [1]
xTaskPriorityInherit     0x800'0b71      0xb4  Code  Gb  tasks.o [1]
xTaskRemoveFromEventList
                         0x800'094d      0xf4  Code  Gb  tasks.o [1]
xTaskResumeAll           0x800'060d     0x144  Code  Gb  tasks.o [1]
xTickCount              0x2001'2fc8       0x4  Data  Lc  tasks.o [1]
xYieldPending           0x2001'2fd8       0x4  Data  Lc  tasks.o [1]


[1] = D:\Workspace\IAR\Graduate project\Debug\Obj
[2] = dl7M_tln.a
[3] = m7M_tls.a
[4] = rt7M_tl.a
[5] = shb_l.a

  16'492 bytes of readonly  code memory
     888 bytes of readonly  data memory
  86'009 bytes of readwrite data memory

Errors: none
Warnings: none
