###############################################################################
#
# IAR ELF Linker V8.40.1.212/W32 for ARM                  06/May/2022  01:12:05
# Copyright 2007-2019 IAR Systems AB.
#
#    Output file  =  D:\Workspace\IAR\Graduate project\Debug\Exe\Project.out
#    Map file     =  D:\Workspace\IAR\Graduate project\Debug\List\Project.map
#    Command line =
#        -f C:\Users\mosta\AppData\Local\Temp\EW4FD2.tmp
#        ("D:\Workspace\IAR\Graduate project\Debug\Obj\ADC.o"
#        "D:\Workspace\IAR\Graduate project\Debug\Obj\APP.o"
#        "D:\Workspace\IAR\Graduate project\Debug\Obj\event_groups.o"
#        "D:\Workspace\IAR\Graduate project\Debug\Obj\FLASH.o"
#        "D:\Workspace\IAR\Graduate project\Debug\Obj\Frame_Provider_Task.o"
#        "D:\Workspace\IAR\Graduate project\Debug\Obj\FROM.o"
#        "D:\Workspace\IAR\Graduate project\Debug\Obj\GPIO.o"
#        "D:\Workspace\IAR\Graduate project\Debug\Obj\GYRO.o"
#        "D:\Workspace\IAR\Graduate project\Debug\Obj\heap_4.o"
#        "D:\Workspace\IAR\Graduate project\Debug\Obj\I2C.o"
#        "D:\Workspace\IAR\Graduate project\Debug\Obj\list.o"
#        "D:\Workspace\IAR\Graduate project\Debug\Obj\Log_Saver_Task.o"
#        "D:\Workspace\IAR\Graduate project\Debug\Obj\MAGNETO.o"
#        "D:\Workspace\IAR\Graduate project\Debug\Obj\main.o"
#        "D:\Workspace\IAR\Graduate project\Debug\Obj\misc.o"
#        "D:\Workspace\IAR\Graduate project\Debug\Obj\MRAM.o"
#        "D:\Workspace\IAR\Graduate project\Debug\Obj\port.o"
#        "D:\Workspace\IAR\Graduate project\Debug\Obj\queue.o"
#        "D:\Workspace\IAR\Graduate project\Debug\Obj\RCC.o"
#        "D:\Workspace\IAR\Graduate project\Debug\Obj\Receiver_Task.o"
#        "D:\Workspace\IAR\Graduate project\Debug\Obj\SPI.o"
#        "D:\Workspace\IAR\Graduate project\Debug\Obj\SSP.o"
#        "D:\Workspace\IAR\Graduate project\Debug\Obj\SSP_funcs.o"
#        "D:\Workspace\IAR\Graduate project\Debug\Obj\startup_stm32f40_41xxx.o"
#        "D:\Workspace\IAR\Graduate project\Debug\Obj\system_stm32f4xx.o"
#        "D:\Workspace\IAR\Graduate project\Debug\Obj\tasks.o"
#        "D:\Workspace\IAR\Graduate project\Debug\Obj\Temp_STDS75.o"
#        "D:\Workspace\IAR\Graduate project\Debug\Obj\timers.o"
#        "D:\Workspace\IAR\Graduate project\Debug\Obj\TMR.o"
#        "D:\Workspace\IAR\Graduate project\Debug\Obj\Transmitter_Task.o"
#        "D:\Workspace\IAR\Graduate project\Debug\Obj\UART_Handler.o"
#        "D:\Workspace\IAR\Graduate project\Debug\Obj\USART.o"
#        --no_out_extension -o "D:\Workspace\IAR\Graduate
#        project\Debug\Exe\Project.out" --redirect _Printf=_PrintfFullNoMb
#        --redirect _Scanf=_ScanfFullNoMb --map "D:\Workspace\IAR\Graduate
#        project\Debug\List\Project.map" --config "C:\Program Files (x86)\IAR
#        Systems\Embedded Workbench 8.3\arm\config\linker\ST\stm32f407xG.icf"
#        --semihosting --entry Reset_Handler --vfe --text_out locale)
#
###############################################################################

*******************************************************************************
*** RUNTIME MODEL ATTRIBUTES
***

CppFlavor       = *
__SystemLibrary = DLib
__dlib_version  = 6


*******************************************************************************
*** HEAP SELECTION
***

The basic heap was selected because no calls to memory allocation
functions were found in the application outside of system library
functions, and there are calls to deallocation functions in the
application.


*******************************************************************************
*** PLACEMENT SUMMARY
***

"A0":  place at address 0x800'0000 { ro section .intvec };
"P1":  place in [from 0x800'0000 to 0x80f'ffff] { ro };
define block CSTACK with size = 8K, alignment = 8 { };
define block HEAP with size = 8K, alignment = 8 { };
"P4":  place in [from 0x2000'0000 to 0x2001'bfff] |
                [from 0x2001'c000 to 0x2001'ffff] {
          rw, block CSTACK, block HEAP };
initialize by copy { rw };

No sections matched the following patterns:

  ro section application_specific_ro  in "P2"
  section .backup_sram                in "P5"
  section .ccram                      in "P3"


  Section            Kind         Address      Size  Object
  -------            ----         -------      ----  ------
"A0":                                         0x188
  .intvec            ro code   0x800'0000     0x188  startup_stm32f40_41xxx.o [1]
                             - 0x800'0188     0x188

"P1":                                        0x2028
  .text              ro code   0x800'0188     0x860  tasks.o [1]
  .text              ro code   0x800'09e8     0x294  heap_4.o [1]
  .text              ro code   0x800'0c7c      0x66  ABImemset.o [4]
  .text              ro code   0x800'0ce2      0x80  list.o [1]
  .text              ro code   0x800'0d62      0x3a  zero_init3.o [4]
  .text              ro code   0x800'0d9c     0x140  port.o [1]
  .text              ro code   0x800'0edc     0x5ae  queue.o [1]
  .text              ro code   0x800'148a      0x2e  copy_init3.o [4]
  .text              ro code   0x800'14b8      0xa6  ABImemcpy.o [4]
  .text              ro code   0x800'1560     0x302  APP.o [1]
  .text              ro code   0x800'1862      0xfc  GPIO.o [1]
  .text              ro code   0x800'1960     0x12c  TMR.o [1]
  .text              ro code   0x800'1a8c      0x2e  I2C.o [1]
  .text              ro code   0x800'1aba      0x12  SPI.o [1]
  .text              ro code   0x800'1acc      0x50  ADC.o [1]
  .text              ro code   0x800'1b1c     0x116  USART.o [1]
  .text              ro code   0x800'1c34      0x38  FLASH.o [1]
  .text              ro code   0x800'1c6c     0x124  system_stm32f4xx.o [1]
  .text              ro code   0x800'1d90     0x120  UART_Handler.o [1]
  .text              ro code   0x800'1eb0      0x22  SSP.o [1]
  .text              ro code   0x800'1ed4      0x70  main.o [1]
  .text              ro code   0x800'1f44      0x28  data_init.o [4]
  .text              ro code   0x800'1f6c      0x22  fpinit_M.o [3]
  .iar.init_table    const     0x800'1f90      0x24  - Linker created -
  .text              ro code   0x800'1fb4      0x20  Frame_Provider_Task.o [1]
  .text              ro code   0x800'1fd4      0x1e  cmain.o [4]
  .text              ro code   0x800'1ff2       0x4  low_level_init.o [2]
  .text              ro code   0x800'1ff6       0x4  exit.o [2]
  .text              ro code   0x800'1ffc       0xa  cexit.o [4]
  .text              ro code   0x800'2008      0x14  exit.o [5]
  .text              ro code   0x800'201c      0x10  startup_stm32f40_41xxx.o [1]
  .text              ro code   0x800'202c       0xc  cstartup_M.o [4]
  .rodata            const     0x800'2038       0x8  main.o [1]
  .rodata            const     0x800'2040       0x4  heap_4.o [1]
  .rodata            const     0x800'2044       0x4  port.o [1]
  .text              ro code   0x800'2048       0x4  startup_stm32f40_41xxx.o [1]
  .text              ro code   0x800'204c       0x4  startup_stm32f40_41xxx.o [1]
  .text              ro code   0x800'2050       0x4  startup_stm32f40_41xxx.o [1]
  .text              ro code   0x800'2054       0x4  startup_stm32f40_41xxx.o [1]
  .text              ro code   0x800'2058       0x4  startup_stm32f40_41xxx.o [1]
  .text              ro code   0x800'205c       0x4  startup_stm32f40_41xxx.o [1]
  .text              ro code   0x800'2060       0x4  startup_stm32f40_41xxx.o [1]
  .text              ro code   0x800'2064       0x4  startup_stm32f40_41xxx.o [1]
  .text              ro code   0x800'2068       0x4  startup_stm32f40_41xxx.o [1]
  .text              ro code   0x800'206c       0x4  startup_stm32f40_41xxx.o [1]
  .text              ro code   0x800'2070       0x4  startup_stm32f40_41xxx.o [1]
  .text              ro code   0x800'2074       0x4  startup_stm32f40_41xxx.o [1]
  .text              ro code   0x800'2078       0x4  startup_stm32f40_41xxx.o [1]
  .text              ro code   0x800'207c       0x4  startup_stm32f40_41xxx.o [1]
  .text              ro code   0x800'2080       0x4  startup_stm32f40_41xxx.o [1]
  .text              ro code   0x800'2084       0x4  startup_stm32f40_41xxx.o [1]
  .text              ro code   0x800'2088       0x4  startup_stm32f40_41xxx.o [1]
  .text              ro code   0x800'208c       0x4  startup_stm32f40_41xxx.o [1]
  .text              ro code   0x800'2090       0x4  startup_stm32f40_41xxx.o [1]
  .text              ro code   0x800'2094       0x4  startup_stm32f40_41xxx.o [1]
  .text              ro code   0x800'2098       0x4  startup_stm32f40_41xxx.o [1]
  .text              ro code   0x800'209c       0x4  startup_stm32f40_41xxx.o [1]
  .text              ro code   0x800'20a0       0x4  startup_stm32f40_41xxx.o [1]
  .text              ro code   0x800'20a4       0x4  startup_stm32f40_41xxx.o [1]
  .text              ro code   0x800'20a8       0x4  startup_stm32f40_41xxx.o [1]
  .text              ro code   0x800'20ac       0x4  startup_stm32f40_41xxx.o [1]
  .text              ro code   0x800'20b0       0x4  startup_stm32f40_41xxx.o [1]
  .text              ro code   0x800'20b4       0x4  startup_stm32f40_41xxx.o [1]
  .text              ro code   0x800'20b8       0x4  startup_stm32f40_41xxx.o [1]
  .text              ro code   0x800'20bc       0x4  startup_stm32f40_41xxx.o [1]
  .text              ro code   0x800'20c0       0x4  startup_stm32f40_41xxx.o [1]
  .text              ro code   0x800'20c4       0x4  startup_stm32f40_41xxx.o [1]
  .text              ro code   0x800'20c8       0x4  startup_stm32f40_41xxx.o [1]
  .text              ro code   0x800'20cc       0x4  startup_stm32f40_41xxx.o [1]
  .text              ro code   0x800'20d0       0x4  startup_stm32f40_41xxx.o [1]
  .text              ro code   0x800'20d4       0x4  startup_stm32f40_41xxx.o [1]
  .text              ro code   0x800'20d8       0x4  startup_stm32f40_41xxx.o [1]
  .text              ro code   0x800'20dc       0x4  startup_stm32f40_41xxx.o [1]
  .text              ro code   0x800'20e0       0x4  startup_stm32f40_41xxx.o [1]
  .text              ro code   0x800'20e4       0x4  startup_stm32f40_41xxx.o [1]
  .text              ro code   0x800'20e8       0x4  startup_stm32f40_41xxx.o [1]
  .text              ro code   0x800'20ec       0x4  startup_stm32f40_41xxx.o [1]
  .text              ro code   0x800'20f0       0x4  startup_stm32f40_41xxx.o [1]
  .text              ro code   0x800'20f4       0x4  startup_stm32f40_41xxx.o [1]
  .text              ro code   0x800'20f8       0x4  startup_stm32f40_41xxx.o [1]
  .text              ro code   0x800'20fc       0x4  startup_stm32f40_41xxx.o [1]
  .text              ro code   0x800'2100       0x4  startup_stm32f40_41xxx.o [1]
  .text              ro code   0x800'2104       0x4  startup_stm32f40_41xxx.o [1]
  .text              ro code   0x800'2108       0x4  startup_stm32f40_41xxx.o [1]
  .text              ro code   0x800'210c       0x4  startup_stm32f40_41xxx.o [1]
  .text              ro code   0x800'2110       0x4  startup_stm32f40_41xxx.o [1]
  .text              ro code   0x800'2114       0x4  startup_stm32f40_41xxx.o [1]
  .text              ro code   0x800'2118       0x4  startup_stm32f40_41xxx.o [1]
  .text              ro code   0x800'211c       0x4  startup_stm32f40_41xxx.o [1]
  .text              ro code   0x800'2120       0x4  startup_stm32f40_41xxx.o [1]
  .text              ro code   0x800'2124       0x4  startup_stm32f40_41xxx.o [1]
  .text              ro code   0x800'2128       0x4  startup_stm32f40_41xxx.o [1]
  .text              ro code   0x800'212c       0x4  startup_stm32f40_41xxx.o [1]
  .text              ro code   0x800'2130       0x4  startup_stm32f40_41xxx.o [1]
  .text              ro code   0x800'2134       0x4  startup_stm32f40_41xxx.o [1]
  .text              ro code   0x800'2138       0x4  startup_stm32f40_41xxx.o [1]
  .text              ro code   0x800'213c       0x4  startup_stm32f40_41xxx.o [1]
  .text              ro code   0x800'2140       0x4  startup_stm32f40_41xxx.o [1]
  .text              ro code   0x800'2144       0x4  startup_stm32f40_41xxx.o [1]
  .text              ro code   0x800'2148       0x4  startup_stm32f40_41xxx.o [1]
  .text              ro code   0x800'214c       0x4  startup_stm32f40_41xxx.o [1]
  .text              ro code   0x800'2150       0x4  startup_stm32f40_41xxx.o [1]
  .text              ro code   0x800'2154       0x4  startup_stm32f40_41xxx.o [1]
  .text              ro code   0x800'2158       0x4  startup_stm32f40_41xxx.o [1]
  .text              ro code   0x800'215c       0x4  startup_stm32f40_41xxx.o [1]
  .text              ro code   0x800'2160       0x4  startup_stm32f40_41xxx.o [1]
  .text              ro code   0x800'2164       0x4  startup_stm32f40_41xxx.o [1]
  .text              ro code   0x800'2168       0x4  startup_stm32f40_41xxx.o [1]
  .text              ro code   0x800'216c       0x4  startup_stm32f40_41xxx.o [1]
  .text              ro code   0x800'2170       0x4  startup_stm32f40_41xxx.o [1]
  .text              ro code   0x800'2174       0x4  startup_stm32f40_41xxx.o [1]
  .text              ro code   0x800'2178       0x4  startup_stm32f40_41xxx.o [1]
  .text              ro code   0x800'217c       0x4  startup_stm32f40_41xxx.o [1]
  .text              ro code   0x800'2180       0x4  startup_stm32f40_41xxx.o [1]
  .text              ro code   0x800'2184       0x4  startup_stm32f40_41xxx.o [1]
  .text              ro code   0x800'2188       0x4  startup_stm32f40_41xxx.o [1]
  .text              ro code   0x800'218c       0x4  startup_stm32f40_41xxx.o [1]
  .text              ro code   0x800'2190       0x4  startup_stm32f40_41xxx.o [1]
  .text              ro code   0x800'2194       0x4  startup_stm32f40_41xxx.o [1]
  .text              ro code   0x800'2198       0x4  startup_stm32f40_41xxx.o [1]
  .text              ro code   0x800'219c       0x4  startup_stm32f40_41xxx.o [1]
  .text              ro code   0x800'21a0       0x4  startup_stm32f40_41xxx.o [1]
  .text              ro code   0x800'21a4       0x4  startup_stm32f40_41xxx.o [1]
  .text              ro code   0x800'21a8       0x4  startup_stm32f40_41xxx.o [1]
  .rodata            const     0x800'21ac       0x0  zero_init3.o [4]
  .rodata            const     0x800'21ac       0x0  copy_init3.o [4]
  Initializer bytes  const     0x800'21ac       0x4  <for P4 s0>
                             - 0x800'21b0    0x2028

"P4", part 1 of 3:                              0x4
  P4 s0                       0x2000'0000       0x4  <Init block>
    .data            inited   0x2000'0000       0x4  port.o [1]
                            - 0x2000'0004       0x4

"P4", part 2 of 3:                         0x1'2d10
  .bss               zero     0x2000'0004  0x1'2c00  heap_4.o [1]
  .bss               zero     0x2001'2c04      0x64  tasks.o [1]
  .bss               zero     0x2001'2c68      0x14  tasks.o [1]
  .bss               zero     0x2001'2c7c      0x14  tasks.o [1]
  .bss               zero     0x2001'2c90      0x14  tasks.o [1]
  .bss               zero     0x2001'2ca4       0x8  heap_4.o [1]
  .bss               zero     0x2001'2cac       0x4  heap_4.o [1]
  .bss               zero     0x2001'2cb0       0x4  heap_4.o [1]
  .bss               zero     0x2001'2cb4       0x4  heap_4.o [1]
  .bss               zero     0x2001'2cb8       0x4  heap_4.o [1]
  .bss               zero     0x2001'2cbc       0x4  heap_4.o [1]
  .bss               zero     0x2001'2cc0       0x4  heap_4.o [1]
  .bss               zero     0x2001'2cc4       0x4  main.o [1]
  .bss               zero     0x2001'2cc8       0x4  main.o [1]
  .bss               zero     0x2001'2ccc       0x4  main.o [1]
  .bss               zero     0x2001'2cd0       0x4  main.o [1]
  .bss               zero     0x2001'2cd4       0x4  port.o [1]
  .bss               zero     0x2001'2cd8       0x4  tasks.o [1]
  .bss               zero     0x2001'2cdc       0x4  tasks.o [1]
  .bss               zero     0x2001'2ce0       0x4  tasks.o [1]
  .bss               zero     0x2001'2ce4       0x4  tasks.o [1]
  .bss               zero     0x2001'2ce8       0x4  tasks.o [1]
  .bss               zero     0x2001'2cec       0x4  tasks.o [1]
  .bss               zero     0x2001'2cf0       0x4  tasks.o [1]
  .bss               zero     0x2001'2cf4       0x4  tasks.o [1]
  .bss               zero     0x2001'2cf8       0x4  tasks.o [1]
  .bss               zero     0x2001'2cfc       0x4  tasks.o [1]
  .bss               zero     0x2001'2d00       0x4  tasks.o [1]
  .bss               zero     0x2001'2d04       0x4  tasks.o [1]
  .bss               zero     0x2001'2d08       0x4  tasks.o [1]
  .bss               zero     0x2001'2d0c       0x4  UART_Handler.o [1]
  .bss               zero     0x2001'2d10       0x1  port.o [1]
  .bss               zero     0x2001'2d11       0x1  UART_Handler.o [1]
                            - 0x2001'2d12  0x1'2d0e

"P4", part 3 of 3:                           0x2000
  CSTACK                      0x2001'2d18    0x2000  <Block>
    CSTACK           uninit   0x2001'2d18    0x2000  <Block tail>
                            - 0x2001'4d18    0x2000

Unused ranges:

         From           To      Size
         ----           --      ----
   0x800'21b0   0x80f'ffff  0xf'de50
  0x2001'2d14  0x2001'2d17       0x4
  0x2001'4d18  0x2001'bfff    0x72e8
  0x2001'c000  0x2001'ffff    0x4000


*******************************************************************************
*** INIT TABLE
***

          Address      Size
          -------      ----
Zero (__iar_zero_init3)
    1 destination range, total size 0x1'2d0e:
          0x2000'0004  0x1'2d0e

Copy (__iar_copy_init3)
    1 source range, total size 0x4:
           0x800'21ac       0x4
    1 destination range, total size 0x4:
          0x2000'0000       0x4



*******************************************************************************
*** MODULE SUMMARY
***

    Module                    ro code  ro data  rw data
    ------                    -------  -------  -------
command line/config:
    ---------------------------------------------------
    Total:

D:\Workspace\IAR\Graduate project\Debug\Obj: [1]
    ADC.o                          80
    APP.o                         770
    FLASH.o                        56
    Frame_Provider_Task.o          32
    GPIO.o                        252
    I2C.o                          46
    SPI.o                          18
    SSP.o                          34
    TMR.o                         300
    UART_Handler.o                288                 5
    USART.o                       278
    heap_4.o                      660        4   76'832
    list.o                        128
    main.o                        112        8       16
    port.o                        320        8        9
    queue.o                     1'454
    startup_stm32f40_41xxx.o      764
    system_stm32f4xx.o            292
    tasks.o                     2'144               212
    ---------------------------------------------------
    Total:                      8'028       20   77'074

dl7M_tln.a: [2]
    exit.o                          4
    low_level_init.o                4
    ---------------------------------------------------
    Total:                          8

m7M_tls.a: [3]
    fpinit_M.o                     34
    ---------------------------------------------------
    Total:                         34

rt7M_tl.a: [4]
    ABImemcpy.o                   166
    ABImemset.o                   102
    cexit.o                        10
    cmain.o                        30
    copy_init3.o                   46
    cstartup_M.o                   12
    data_init.o                    40
    zero_init3.o                   58
    ---------------------------------------------------
    Total:                        464

shb_l.a: [5]
    exit.o                         20
    ---------------------------------------------------
    Total:                         20

    Gaps                           12        2
    Linker created                          36    8'192
-------------------------------------------------------
    Grand Total:                8'566       58   85'266


*******************************************************************************
*** ENTRY LIST
***

Entry                       Address      Size  Type      Object
-----                       -------      ----  ----      ------
.iar.init_table$$Base    0x800'1f90             --   Gb  - Linker created -
.iar.init_table$$Limit   0x800'1fb4             --   Gb  - Linker created -
?main                    0x800'1fd5            Code  Gb  cmain.o [4]
ADC_myInit               0x800'1acd      0x50  Code  Gb  ADC.o [1]
APP_ADCPins              0x800'1797      0x2e  Code  Gb  APP.o [1]
APP_FLASHPins            0x800'1561      0x44  Code  Gb  APP.o [1]
APP_I2CPins              0x800'1691      0x46  Code  Gb  APP.o [1]
APP_SPIPins              0x800'16d7      0xc0  Code  Gb  APP.o [1]
APP_TimerPins            0x800'15a5      0x84  Code  Gb  APP.o [1]
APP_UARTPins             0x800'17c5      0x44  Code  Gb  APP.o [1]
APP_clockRun             0x800'1629      0x68  Code  Gb  APP.o [1]
APP_init                 0x800'183d      0x26  Code  Gb  APP.o [1]
CSTACK$$Base            0x2001'2d18             --   Gb  - Linker created -
CSTACK$$Limit           0x2001'4d18             --   Gb  - Linker created -
FLASH_init               0x800'1c35      0x26  Code  Gb  FLASH.o [1]
FRAME_flush              0x800'1ec3      0x10  Code  Gb  SSP.o [1]
FRAME_put                0x800'1eb1      0x12  Code  Gb  SSP.o [1]
FramesQueue             0x2001'2cc4       0x4  Data  Gb  main.o [1]
GPIO_Init                0x800'1863      0xa8  Code  Gb  GPIO.o [1]
GPIO_PinAFConfig         0x800'190b      0x54  Code  Gb  GPIO.o [1]
I2C_myInit               0x800'1a8d      0x2e  Code  Gb  I2C.o [1]
NVIC_EnableIRQ           0x800'1b1d      0x14  Code  Lc  USART.o [1]
NVIC_SetPriority         0x800'1b31      0x24  Code  Lc  USART.o [1]
ReceivedFramesQueue     0x2001'2cc8       0x4  Data  Gb  main.o [1]
Region$$Table$$Base      0x800'1f90             --   Gb  - Linker created -
Region$$Table$$Limit     0x800'1fb4             --   Gb  - Linker created -
Reset_Handler            0x800'201d            Code  Wk  startup_stm32f40_41xxx.o [1]
SPI_Init                 0x800'1abb      0x12  Code  Gb  SPI.o [1]
SavedFramesQueue        0x2001'2cd0       0x4  Data  Gb  main.o [1]
SetSysClock              0x800'1cb3      0xaa  Code  Lc  system_stm32f4xx.o [1]
SysTick_Handler          0x800'0e4f      0x28  Code  Gb  port.o [1]
SystemInit               0x800'1c6d      0x46  Code  Gb  system_stm32f4xx.o [1]
TMR_myInit               0x800'1961      0xcc  Code  Gb  TMR.o [1]
TransmittedFramesQueue  0x2001'2ccc       0x4  Data  Gb  main.o [1]
USART1_IRQHandler        0x800'1d91     0x120  Code  Gb  UART_Handler.o [1]
USART1_IRQHandler::isthisme
                        0x2001'2d11       0x1  Data  Lc  UART_Handler.o [1]
USART_GetITStatus        0x800'1bd9      0x5a  Code  Gb  USART.o [1]
USART_ReceiveData        0x800'1bd1       0x8  Code  Gb  USART.o [1]
USART_myInit             0x800'1b55      0x6c  Code  Gb  USART.o [1]
__aeabi_memcpy           0x800'14b9            Code  Gb  ABImemcpy.o [4]
__aeabi_memcpy4          0x800'14d9            Code  Gb  ABImemcpy.o [4]
__aeabi_memcpy8          0x800'14d9            Code  Gb  ABImemcpy.o [4]
__aeabi_memset           0x800'0c7d            Code  Gb  ABImemset.o [4]
__cmain                  0x800'1fd5            Code  Gb  cmain.o [4]
__exit                   0x800'2009      0x14  Code  Gb  exit.o [5]
__iar_Memset             0x800'0c7d            Code  Gb  ABImemset.o [4]
__iar_Memset_word        0x800'0c85            Code  Gb  ABImemset.o [4]
__iar_copy_init3         0x800'148b      0x2e  Code  Gb  copy_init3.o [4]
__iar_data_init3         0x800'1f45      0x28  Code  Gb  data_init.o [4]
__iar_init_vfp           0x800'1f6d            Code  Gb  fpinit_M.o [3]
__iar_program_start      0x800'202d            Code  Gb  cstartup_M.o [4]
__iar_zero_init3         0x800'0d63      0x3a  Code  Gb  zero_init3.o [4]
__low_level_init         0x800'1ff3       0x4  Code  Gb  low_level_init.o [2]
__vector_table           0x800'0000            Data  Gb  startup_stm32f40_41xxx.o [1]
_call_main               0x800'1fe1            Code  Gb  cmain.o [4]
_exit                    0x800'1ffd            Code  Gb  cexit.o [4]
_main                    0x800'1fef            Code  Gb  cmain.o [4]
exit                     0x800'1ff7       0x4  Code  Gb  exit.o [2]
main                     0x800'1ed5      0x56  Code  Gb  main.o [1]
pFrame                  0x2001'2d0c       0x4  Data  Gb  UART_Handler.o [1]
pcInterruptPriorityRegisters
                         0x800'2044       0x4  Data  Lc  port.o [1]
prvAddCurrentTaskToDelayedList
                         0x800'096d      0x56  Code  Lc  tasks.o [1]
prvAddNewTaskToReadyList
                         0x800'02df      0xbc  Code  Lc  tasks.o [1]
prvCopyDataFromQueue     0x800'13d5      0x2a  Code  Lc  queue.o [1]
prvCopyDataToQueue       0x800'134f      0x86  Code  Lc  queue.o [1]
prvHeapInit              0x800'0b9b      0x5e  Code  Lc  heap_4.o [1]
prvInitialiseNewQueue    0x800'1003      0x1c  Code  Lc  queue.o [1]
prvInitialiseNewTask     0x800'01f5      0xea  Code  Lc  tasks.o [1]
prvInitialiseTaskLists   0x800'0809      0x46  Code  Lc  tasks.o [1]
prvInsertBlockIntoFreeList
                         0x800'0bf9      0x5e  Code  Lc  heap_4.o [1]
prvIsQueueFull           0x800'146d      0x1e  Code  Lc  queue.o [1]
prvResetNextTaskUnblockTime
                         0x800'084f      0x22  Code  Lc  tasks.o [1]
prvTaskExitError         0x800'0dc5      0x2a  Code  Lc  port.o [1]
prvUnlockQueue           0x800'13ff      0x6e  Code  Lc  queue.o [1]
pvPortMalloc             0x800'09e9     0x138  Code  Gb  heap_4.o [1]
pxCurrentTCB            0x2001'2cd8       0x4  Data  Gb  tasks.o [1]
pxDelayedTaskList       0x2001'2cdc       0x4  Data  Lc  tasks.o [1]
pxEnd                   0x2001'2cac       0x4  Data  Lc  heap_4.o [1]
pxOverflowDelayedTaskList
                        0x2001'2ce0       0x4  Data  Lc  tasks.o [1]
pxPortInitialiseStack    0x800'0d9d      0x28  Code  Gb  port.o [1]
pxReadyTasksLists       0x2001'2c04      0x64  Data  Lc  tasks.o [1]
ucHeap                  0x2000'0004  0x1'2c00  Data  Lc  heap_4.o [1]
ucMaxSysCallPriority    0x2001'2d10       0x1  Data  Lc  port.o [1]
ulMaxPRIGROUPValue      0x2001'2cd4       0x4  Data  Lc  port.o [1]
uxCriticalNesting       0x2000'0000       0x4  Data  Lc  port.o [1]
uxCurrentNumberOfTasks  0x2001'2ce4       0x4  Data  Lc  tasks.o [1]
uxListRemove             0x800'0d3d      0x26  Code  Gb  list.o [1]
uxSchedulerSuspended    0x2001'2d08       0x4  Data  Lc  tasks.o [1]
uxTaskNumber            0x2001'2d00       0x4  Data  Lc  tasks.o [1]
uxTopReadyPriority      0x2001'2cec       0x4  Data  Lc  tasks.o [1]
vFrame_Provider_Task     0x800'1fb5      0x20  Code  Gb  Frame_Provider_Task.o [1]
vListInitialise          0x800'0ce3      0x1e  Code  Gb  list.o [1]
vListInitialiseItem      0x800'0d01       0x6  Code  Gb  list.o [1]
vListInsert              0x800'0d07      0x36  Code  Gb  list.o [1]
vPortEnterCritical       0x800'0def      0x34  Code  Gb  port.o [1]
vPortExitCritical        0x800'0e23      0x2c  Code  Gb  port.o [1]
vPortFree                0x800'0b21      0x7a  Code  Gb  heap_4.o [1]
vPortValidateInterruptPriority
                         0x800'0e79      0x4a  Code  Gb  port.o [1]
vTaskInternalSetTimeOutState
                         0x800'0771      0x12  Code  Gb  tasks.o [1]
vTaskMissedYield         0x800'07fd       0xa  Code  Gb  tasks.o [1]
vTaskPlaceOnEventList    0x800'064b      0x2e  Code  Gb  tasks.o [1]
vTaskSuspendAll          0x800'039b       0xc  Code  Gb  tasks.o [1]
xBlockAllocatedBit      0x2001'2cc0       0x4  Data  Lc  heap_4.o [1]
xDelayedTaskList1       0x2001'2c68      0x14  Data  Lc  tasks.o [1]
xDelayedTaskList2       0x2001'2c7c      0x14  Data  Lc  tasks.o [1]
xFreeBytesRemaining     0x2001'2cb0       0x4  Data  Lc  heap_4.o [1]
xHeapStructSize          0x800'2040       0x4  Data  Lc  heap_4.o [1]
xMinimumEverFreeBytesRemaining
                        0x2001'2cb4       0x4  Data  Lc  heap_4.o [1]
xNextTaskUnblockTime    0x2001'2d04       0x4  Data  Lc  tasks.o [1]
xNumOfOverflows         0x2001'2cfc       0x4  Data  Lc  tasks.o [1]
xNumberOfSuccessfulAllocations
                        0x2001'2cb8       0x4  Data  Lc  heap_4.o [1]
xNumberOfSuccessfulFrees
                        0x2001'2cbc       0x4  Data  Lc  heap_4.o [1]
xPendedTicks            0x2001'2cf4       0x4  Data  Lc  tasks.o [1]
xPendingReadyList       0x2001'2c90      0x14  Data  Lc  tasks.o [1]
xQueueGenericCreate      0x800'0fa3      0x60  Code  Gb  queue.o [1]
xQueueGenericReset       0x800'0edd      0xc6  Code  Gb  queue.o [1]
xQueueGenericSend        0x800'101f     0x16c  Code  Gb  queue.o [1]
xQueueGenericSendFromISR
                         0x800'118b      0xf8  Code  Gb  queue.o [1]
xQueueReceiveFromISR     0x800'1289      0xc6  Code  Gb  queue.o [1]
xSchedulerRunning       0x2001'2cf0       0x4  Data  Lc  tasks.o [1]
xStart                  0x2001'2ca4       0x8  Data  Lc  heap_4.o [1]
xTaskCheckForTimeOut     0x800'0783      0x7a  Code  Gb  tasks.o [1]
xTaskCreate              0x800'0189      0x6c  Code  Gb  tasks.o [1]
xTaskIncrementTick       0x800'04eb     0x160  Code  Gb  tasks.o [1]
xTaskPriorityDisinherit
                         0x800'0871      0xba  Code  Gb  tasks.o [1]
xTaskRemoveFromEventList
                         0x800'0679      0xf8  Code  Gb  tasks.o [1]
xTaskResumeAll           0x800'03a7     0x144  Code  Gb  tasks.o [1]
xTickCount              0x2001'2ce8       0x4  Data  Lc  tasks.o [1]
xYieldPending           0x2001'2cf8       0x4  Data  Lc  tasks.o [1]


[1] = D:\Workspace\IAR\Graduate project\Debug\Obj
[2] = dl7M_tln.a
[3] = m7M_tls.a
[4] = rt7M_tl.a
[5] = shb_l.a

   8'566 bytes of readonly  code memory
      58 bytes of readonly  data memory
  85'266 bytes of readwrite data memory

Errors: none
Warnings: none
