###############################################################################
#
# IAR ELF Linker V8.40.1.212/W32 for ARM                  08/May/2022  16:06:05
# Copyright 2007-2019 IAR Systems AB.
#
#    Output file  =  D:\Workspace\IAR\Graduate project\Debug\Exe\Project.out
#    Map file     =  D:\Workspace\IAR\Graduate project\Debug\List\Project.map
#    Command line =
#        -f C:\Users\mosta\AppData\Local\Temp\EW7DDF.tmp
#        ("D:\Workspace\IAR\Graduate project\Debug\Obj\ADC.o"
#        "D:\Workspace\IAR\Graduate project\Debug\Obj\APP.o"
#        "D:\Workspace\IAR\Graduate project\Debug\Obj\event_groups.o"
#        "D:\Workspace\IAR\Graduate project\Debug\Obj\FLASH.o"
#        "D:\Workspace\IAR\Graduate project\Debug\Obj\Frame_Provider_Task.o"
#        "D:\Workspace\IAR\Graduate project\Debug\Obj\FROM.o"
#        "D:\Workspace\IAR\Graduate project\Debug\Obj\GPIO.o"
#        "D:\Workspace\IAR\Graduate project\Debug\Obj\GYRO.o"
#        "D:\Workspace\IAR\Graduate project\Debug\Obj\heap_4.o"
#        "D:\Workspace\IAR\Graduate project\Debug\Obj\I2C.o"
#        "D:\Workspace\IAR\Graduate project\Debug\Obj\Latch.o"
#        "D:\Workspace\IAR\Graduate project\Debug\Obj\list.o"
#        "D:\Workspace\IAR\Graduate project\Debug\Obj\Log_Saver_Task.o"
#        "D:\Workspace\IAR\Graduate project\Debug\Obj\MAGNETO.o"
#        "D:\Workspace\IAR\Graduate project\Debug\Obj\main.o"
#        "D:\Workspace\IAR\Graduate project\Debug\Obj\MemoryLayout.o"
#        "D:\Workspace\IAR\Graduate project\Debug\Obj\misc.o"
#        "D:\Workspace\IAR\Graduate project\Debug\Obj\MRAM.o"
#        "D:\Workspace\IAR\Graduate project\Debug\Obj\port.o"
#        "D:\Workspace\IAR\Graduate project\Debug\Obj\portasm.o"
#        "D:\Workspace\IAR\Graduate project\Debug\Obj\queue.o"
#        "D:\Workspace\IAR\Graduate project\Debug\Obj\RCC.o"
#        "D:\Workspace\IAR\Graduate project\Debug\Obj\Receiver_Task.o"
#        "D:\Workspace\IAR\Graduate project\Debug\Obj\SPI.o"
#        "D:\Workspace\IAR\Graduate project\Debug\Obj\SSP.o"
#        "D:\Workspace\IAR\Graduate project\Debug\Obj\SSP_funcs.o"
#        "D:\Workspace\IAR\Graduate project\Debug\Obj\startup_stm32f40_41xxx.o"
#        "D:\Workspace\IAR\Graduate project\Debug\Obj\system_stm32f4xx.o"
#        "D:\Workspace\IAR\Graduate project\Debug\Obj\tasks.o"
#        "D:\Workspace\IAR\Graduate project\Debug\Obj\Temp_STDS75.o"
#        "D:\Workspace\IAR\Graduate project\Debug\Obj\timers.o"
#        "D:\Workspace\IAR\Graduate project\Debug\Obj\TMR.o"
#        "D:\Workspace\IAR\Graduate project\Debug\Obj\Transmitter_Task.o"
#        "D:\Workspace\IAR\Graduate project\Debug\Obj\UART_Handler.o"
#        "D:\Workspace\IAR\Graduate project\Debug\Obj\Update_Telmetry_Task.o"
#        "D:\Workspace\IAR\Graduate project\Debug\Obj\USART.o"
#        --no_out_extension -o "D:\Workspace\IAR\Graduate
#        project\Debug\Exe\Project.out" --redirect _Printf=_PrintfFullNoMb
#        --redirect _Scanf=_ScanfFullNoMb --map "D:\Workspace\IAR\Graduate
#        project\Debug\List\Project.map" --config "C:\Program Files (x86)\IAR
#        Systems\Embedded Workbench 8.3\arm\config\linker\ST\stm32f407xG.icf"
#        --semihosting --entry Reset_Handler --vfe --text_out locale)
#
###############################################################################

*******************************************************************************
*** RUNTIME MODEL ATTRIBUTES
***

CppFlavor       = *
__SystemLibrary = DLib
__dlib_version  = 6


*******************************************************************************
*** HEAP SELECTION
***

The basic heap was selected because no calls to memory allocation
functions were found in the application outside of system library
functions, and there are calls to deallocation functions in the
application.


*******************************************************************************
*** PLACEMENT SUMMARY
***

"A0":  place at address 0x800'0000 { ro section .intvec };
"P1":  place in [from 0x800'0000 to 0x80f'ffff] { ro };
define block CSTACK with size = 8K, alignment = 8 { };
define block HEAP with size = 8K, alignment = 8 { };
"P4":  place in [from 0x2000'0000 to 0x2001'bfff] |
                [from 0x2001'c000 to 0x2001'ffff] {
          rw, block CSTACK, block HEAP };
initialize by copy { rw };

No sections matched the following patterns:

  ro section application_specific_ro  in "P2"
  section .backup_sram                in "P5"
  section .ccram                      in "P3"


  Section            Kind         Address      Size  Object
  -------            ----         -------      ----  ------
"A0":                                         0x188
  .intvec            ro code   0x800'0000     0x188  startup_stm32f40_41xxx.o [1]
                             - 0x800'0188     0x188

"P1":                                        0x3e14
  .text              ro code   0x800'0188     0xb24  tasks.o [1]
  .text              ro code   0x800'0cac     0x294  heap_4.o [1]
  .text              ro code   0x800'0f40      0x80  list.o [1]
  .text              ro code   0x800'0fc0      0x66  ABImemset.o [4]
  .text              ro code   0x800'1026      0x3a  zero_init3.o [4]
  .text              ro code   0x800'1060     0x258  port.o [1]
  CODE               ro code   0x800'12b8      0xb0  portasm.o [1]
  .text              ro code   0x800'1368     0x8b2  queue.o [1]
  .text              ro code   0x800'1c1a      0x2e  copy_init3.o [4]
  .text              ro code   0x800'1c48      0xa6  ABImemcpy.o [4]
  .text              ro code   0x800'1cf0     0x354  SSP_funcs.o [1]
  .text              ro code   0x800'2044     0x13c  SSP.o [1]
  .text              ro code   0x800'2180     0x214  TMR.o [1]
  .text              ro code   0x800'2394      0xb4  FLASH.o [1]
  .text              ro code   0x800'2448     0x114  MemoryLayout.o [1]
  .text              ro code   0x800'255c      0x34  Latch.o [1]
  .text              ro code   0x800'2590     0x1a8  USART.o [1]
  .text              ro code   0x800'2738      0x74  MRAM.o [1]
  .text              ro code   0x800'27ac     0x328  APP.o [1]
  .text              ro code   0x800'2ad4      0xfc  GPIO.o [1]
  .text              ro code   0x800'2bd0      0x2e  I2C.o [1]
  .text              ro code   0x800'2bfe      0x12  SPI.o [1]
  .text              ro code   0x800'2c10      0x82  ADC.o [1]
  .text              ro code   0x800'2c94      0x46  MAGNETO.o [1]
  .text              ro code   0x800'2cdc      0x10  Temp_STDS75.o [1]
  .text              ro code   0x800'2cec      0x46  GYRO.o [1]
  .text              ro code   0x800'2d32       0x2  FROM.o [1]
  .text              ro code   0x800'2d34      0x14  memset.o [4]
  .text              ro code   0x800'2d48      0x1a  U32ToDbl.o [3]
  .text              ro code   0x800'2d64     0x17a  DblAdd.o [3]
  .text              ro code   0x800'2ee0      0x68  DblToFlt.o [3]
  .text              ro code   0x800'2f48      0xd2  DblSub.o [3]
  .text              ro code   0x800'301c     0x246  DblDiv.o [3]
  .text              ro code   0x800'3264     0x1a2  DblMul.o [3]
  .text              ro code   0x800'3408     0x140  Update_Telmetry_Task.o [1]
  .text              ro code   0x800'3548      0x48  FltToDbl.o [3]
  .text              ro code   0x800'3590     0x124  system_stm32f4xx.o [1]
  .text              ro code   0x800'36b4     0x120  UART_Handler.o [1]
  .rodata            const     0x800'37d4     0x104  SSP.o [1]
  .text              ro code   0x800'38d8     0x104  main.o [1]
  .text              ro code   0x800'39dc      0xd0  Receiver_Task.o [1]
  .text              ro code   0x800'3aac      0x40  Transmitter_Task.o [1]
  .text              ro code   0x800'3aec      0x28  data_init.o [4]
  .text              ro code   0x800'3b14      0x24  Log_Saver_Task.o [1]
  .text              ro code   0x800'3b38      0x22  fpinit_M.o [3]
  .iar.init_table    const     0x800'3b5c      0x24  - Linker created -
  .text              ro code   0x800'3b80      0x20  Frame_Provider_Task.o [1]
  .text              ro code   0x800'3ba0      0x1e  cmain.o [4]
  .text              ro code   0x800'3bbe       0x4  low_level_init.o [2]
  .text              ro code   0x800'3bc2       0x4  exit.o [2]
  .text              ro code   0x800'3bc8       0xa  cexit.o [4]
  .text              ro code   0x800'3bd4      0x14  exit.o [5]
  .text              ro code   0x800'3be8      0x10  startup_stm32f40_41xxx.o [1]
  .text              ro code   0x800'3bf8       0xc  cstartup_M.o [4]
  .rodata            const     0x800'3c04       0x8  main.o [1]
  .rodata            const     0x800'3c0c       0x8  main.o [1]
  .rodata            const     0x800'3c14       0x8  main.o [1]
  .rodata            const     0x800'3c1c       0x8  main.o [1]
  .rodata            const     0x800'3c24       0x8  tasks.o [1]
  .rodata            const     0x800'3c2c       0x4  heap_4.o [1]
  .rodata            const     0x800'3c30       0x4  port.o [1]
  .text              ro code   0x800'3c34       0x4  startup_stm32f40_41xxx.o [1]
  .text              ro code   0x800'3c38       0x4  startup_stm32f40_41xxx.o [1]
  .text              ro code   0x800'3c3c       0x4  startup_stm32f40_41xxx.o [1]
  .text              ro code   0x800'3c40       0x4  startup_stm32f40_41xxx.o [1]
  .text              ro code   0x800'3c44       0x4  startup_stm32f40_41xxx.o [1]
  .text              ro code   0x800'3c48       0x4  startup_stm32f40_41xxx.o [1]
  .text              ro code   0x800'3c4c       0x4  startup_stm32f40_41xxx.o [1]
  .text              ro code   0x800'3c50       0x4  startup_stm32f40_41xxx.o [1]
  .text              ro code   0x800'3c54       0x4  startup_stm32f40_41xxx.o [1]
  .text              ro code   0x800'3c58       0x4  startup_stm32f40_41xxx.o [1]
  .text              ro code   0x800'3c5c       0x4  startup_stm32f40_41xxx.o [1]
  .text              ro code   0x800'3c60       0x4  startup_stm32f40_41xxx.o [1]
  .text              ro code   0x800'3c64       0x4  startup_stm32f40_41xxx.o [1]
  .text              ro code   0x800'3c68       0x4  startup_stm32f40_41xxx.o [1]
  .text              ro code   0x800'3c6c       0x4  startup_stm32f40_41xxx.o [1]
  .text              ro code   0x800'3c70       0x4  startup_stm32f40_41xxx.o [1]
  .text              ro code   0x800'3c74       0x4  startup_stm32f40_41xxx.o [1]
  .text              ro code   0x800'3c78       0x4  startup_stm32f40_41xxx.o [1]
  .text              ro code   0x800'3c7c       0x4  startup_stm32f40_41xxx.o [1]
  .text              ro code   0x800'3c80       0x4  startup_stm32f40_41xxx.o [1]
  .text              ro code   0x800'3c84       0x4  startup_stm32f40_41xxx.o [1]
  .text              ro code   0x800'3c88       0x4  startup_stm32f40_41xxx.o [1]
  .text              ro code   0x800'3c8c       0x4  startup_stm32f40_41xxx.o [1]
  .text              ro code   0x800'3c90       0x4  startup_stm32f40_41xxx.o [1]
  .text              ro code   0x800'3c94       0x4  startup_stm32f40_41xxx.o [1]
  .text              ro code   0x800'3c98       0x4  startup_stm32f40_41xxx.o [1]
  .text              ro code   0x800'3c9c       0x4  startup_stm32f40_41xxx.o [1]
  .text              ro code   0x800'3ca0       0x4  startup_stm32f40_41xxx.o [1]
  .text              ro code   0x800'3ca4       0x4  startup_stm32f40_41xxx.o [1]
  .text              ro code   0x800'3ca8       0x4  startup_stm32f40_41xxx.o [1]
  .text              ro code   0x800'3cac       0x4  startup_stm32f40_41xxx.o [1]
  .text              ro code   0x800'3cb0       0x4  startup_stm32f40_41xxx.o [1]
  .text              ro code   0x800'3cb4       0x4  startup_stm32f40_41xxx.o [1]
  .text              ro code   0x800'3cb8       0x4  startup_stm32f40_41xxx.o [1]
  .text              ro code   0x800'3cbc       0x4  startup_stm32f40_41xxx.o [1]
  .text              ro code   0x800'3cc0       0x4  startup_stm32f40_41xxx.o [1]
  .text              ro code   0x800'3cc4       0x4  startup_stm32f40_41xxx.o [1]
  .text              ro code   0x800'3cc8       0x4  startup_stm32f40_41xxx.o [1]
  .text              ro code   0x800'3ccc       0x4  startup_stm32f40_41xxx.o [1]
  .text              ro code   0x800'3cd0       0x4  startup_stm32f40_41xxx.o [1]
  .text              ro code   0x800'3cd4       0x4  startup_stm32f40_41xxx.o [1]
  .text              ro code   0x800'3cd8       0x4  startup_stm32f40_41xxx.o [1]
  .text              ro code   0x800'3cdc       0x4  startup_stm32f40_41xxx.o [1]
  .text              ro code   0x800'3ce0       0x4  startup_stm32f40_41xxx.o [1]
  .text              ro code   0x800'3ce4       0x4  startup_stm32f40_41xxx.o [1]
  .text              ro code   0x800'3ce8       0x4  startup_stm32f40_41xxx.o [1]
  .text              ro code   0x800'3cec       0x4  startup_stm32f40_41xxx.o [1]
  .text              ro code   0x800'3cf0       0x4  startup_stm32f40_41xxx.o [1]
  .text              ro code   0x800'3cf4       0x4  startup_stm32f40_41xxx.o [1]
  .text              ro code   0x800'3cf8       0x4  startup_stm32f40_41xxx.o [1]
  .text              ro code   0x800'3cfc       0x4  startup_stm32f40_41xxx.o [1]
  .text              ro code   0x800'3d00       0x4  startup_stm32f40_41xxx.o [1]
  .text              ro code   0x800'3d04       0x4  startup_stm32f40_41xxx.o [1]
  .text              ro code   0x800'3d08       0x4  startup_stm32f40_41xxx.o [1]
  .text              ro code   0x800'3d0c       0x4  startup_stm32f40_41xxx.o [1]
  .text              ro code   0x800'3d10       0x4  startup_stm32f40_41xxx.o [1]
  .text              ro code   0x800'3d14       0x4  startup_stm32f40_41xxx.o [1]
  .text              ro code   0x800'3d18       0x4  startup_stm32f40_41xxx.o [1]
  .text              ro code   0x800'3d1c       0x4  startup_stm32f40_41xxx.o [1]
  .text              ro code   0x800'3d20       0x4  startup_stm32f40_41xxx.o [1]
  .text              ro code   0x800'3d24       0x4  startup_stm32f40_41xxx.o [1]
  .text              ro code   0x800'3d28       0x4  startup_stm32f40_41xxx.o [1]
  .text              ro code   0x800'3d2c       0x4  startup_stm32f40_41xxx.o [1]
  .text              ro code   0x800'3d30       0x4  startup_stm32f40_41xxx.o [1]
  .text              ro code   0x800'3d34       0x4  startup_stm32f40_41xxx.o [1]
  .text              ro code   0x800'3d38       0x4  startup_stm32f40_41xxx.o [1]
  .text              ro code   0x800'3d3c       0x4  startup_stm32f40_41xxx.o [1]
  .text              ro code   0x800'3d40       0x4  startup_stm32f40_41xxx.o [1]
  .text              ro code   0x800'3d44       0x4  startup_stm32f40_41xxx.o [1]
  .text              ro code   0x800'3d48       0x4  startup_stm32f40_41xxx.o [1]
  .text              ro code   0x800'3d4c       0x4  startup_stm32f40_41xxx.o [1]
  .text              ro code   0x800'3d50       0x4  startup_stm32f40_41xxx.o [1]
  .text              ro code   0x800'3d54       0x4  startup_stm32f40_41xxx.o [1]
  .text              ro code   0x800'3d58       0x4  startup_stm32f40_41xxx.o [1]
  .text              ro code   0x800'3d5c       0x4  startup_stm32f40_41xxx.o [1]
  .text              ro code   0x800'3d60       0x4  startup_stm32f40_41xxx.o [1]
  .text              ro code   0x800'3d64       0x4  startup_stm32f40_41xxx.o [1]
  .text              ro code   0x800'3d68       0x4  startup_stm32f40_41xxx.o [1]
  .text              ro code   0x800'3d6c       0x4  startup_stm32f40_41xxx.o [1]
  .text              ro code   0x800'3d70       0x4  startup_stm32f40_41xxx.o [1]
  .text              ro code   0x800'3d74       0x4  startup_stm32f40_41xxx.o [1]
  .text              ro code   0x800'3d78       0x4  startup_stm32f40_41xxx.o [1]
  .text              ro code   0x800'3d7c       0x4  startup_stm32f40_41xxx.o [1]
  .text              ro code   0x800'3d80       0x4  startup_stm32f40_41xxx.o [1]
  .text              ro code   0x800'3d84       0x4  startup_stm32f40_41xxx.o [1]
  .text              ro code   0x800'3d88       0x4  startup_stm32f40_41xxx.o [1]
  .text              ro code   0x800'3d8c       0x4  startup_stm32f40_41xxx.o [1]
  .rodata            const     0x800'3d90       0x0  zero_init3.o [4]
  .rodata            const     0x800'3d90       0x0  copy_init3.o [4]
  Initializer bytes  const     0x800'3d90     0x20c  <for P4 s0>
                             - 0x800'3f9c    0x3e14

"P4", part 1 of 3:                            0x20c
  P4 s0                       0x2000'0000     0x20c  <Init block>
    .data            inited   0x2000'0000     0x200  SSP.o [1]
    .data            inited   0x2000'0200       0x4  port.o [1]
    .data            inited   0x2000'0204       0x4  system_stm32f4xx.o [1]
    .data            inited   0x2000'0208       0x4  tasks.o [1]
                            - 0x2000'020c     0x20c

"P4", part 2 of 3:                         0x1'2dd8
  .bss               zero     0x2000'020c  0x1'2c00  heap_4.o [1]
  .bss               zero     0x2001'2e0c      0x70  Latch.o [1]
  .bss               zero     0x2001'2e7c      0x64  tasks.o [1]
  .bss               zero     0x2001'2ee0      0x40  main.o [1]
  .bss               zero     0x2001'2f20      0x14  tasks.o [1]
  .bss               zero     0x2001'2f34      0x14  tasks.o [1]
  .bss               zero     0x2001'2f48      0x14  tasks.o [1]
  .bss               zero     0x2001'2f5c       0x8  heap_4.o [1]
  .bss               zero     0x2001'2f64       0x8  main.o [1]
  .bss               zero     0x2001'2f6c       0x4  heap_4.o [1]
  .bss               zero     0x2001'2f70       0x4  heap_4.o [1]
  .bss               zero     0x2001'2f74       0x4  heap_4.o [1]
  .bss               zero     0x2001'2f78       0x4  heap_4.o [1]
  .bss               zero     0x2001'2f7c       0x4  heap_4.o [1]
  .bss               zero     0x2001'2f80       0x4  heap_4.o [1]
  .bss               zero     0x2001'2f84       0x4  main.o [1]
  .bss               zero     0x2001'2f88       0x4  main.o [1]
  .bss               zero     0x2001'2f8c       0x4  main.o [1]
  .bss               zero     0x2001'2f90       0x4  main.o [1]
  .bss               zero     0x2001'2f94       0x4  MemoryLayout.o [1]
  .bss               zero     0x2001'2f98       0x4  MRAM.o [1]
  .bss               zero     0x2001'2f9c       0x4  port.o [1]
  .bss               zero     0x2001'2fa0       0x4  tasks.o [1]
  .bss               zero     0x2001'2fa4       0x4  tasks.o [1]
  .bss               zero     0x2001'2fa8       0x4  tasks.o [1]
  .bss               zero     0x2001'2fac       0x4  tasks.o [1]
  .bss               zero     0x2001'2fb0       0x4  tasks.o [1]
  .bss               zero     0x2001'2fb4       0x4  tasks.o [1]
  .bss               zero     0x2001'2fb8       0x4  tasks.o [1]
  .bss               zero     0x2001'2fbc       0x4  tasks.o [1]
  .bss               zero     0x2001'2fc0       0x4  tasks.o [1]
  .bss               zero     0x2001'2fc4       0x4  tasks.o [1]
  .bss               zero     0x2001'2fc8       0x4  tasks.o [1]
  .bss               zero     0x2001'2fcc       0x4  tasks.o [1]
  .bss               zero     0x2001'2fd0       0x4  tasks.o [1]
  .bss               zero     0x2001'2fd4       0x4  tasks.o [1]
  .bss               zero     0x2001'2fd8       0x4  UART_Handler.o [1]
  .bss               zero     0x2001'2fdc       0x2  MemoryLayout.o [1]
  .bss               zero     0x2001'2fde       0x1  MemoryLayout.o [1]
  .bss               zero     0x2001'2fdf       0x1  port.o [1]
  .bss               zero     0x2001'2fe0       0x1  UART_Handler.o [1]
                            - 0x2001'2fe1  0x1'2dd5

"P4", part 3 of 3:                           0x2000
  CSTACK                      0x2001'2fe8    0x2000  <Block>
    CSTACK           uninit   0x2001'2fe8    0x2000  <Block tail>
                            - 0x2001'4fe8    0x2000

Unused ranges:

         From           To      Size
         ----           --      ----
   0x800'3f9c   0x80f'ffff  0xf'c064
  0x2001'2fe4  0x2001'2fe7       0x4
  0x2001'4fe8  0x2001'bfff    0x7018
  0x2001'c000  0x2001'ffff    0x4000


*******************************************************************************
*** INIT TABLE
***

          Address      Size
          -------      ----
Zero (__iar_zero_init3)
    1 destination range, total size 0x1'2dd5:
          0x2000'020c  0x1'2dd5

Copy (__iar_copy_init3)
    1 source range, total size 0x20c:
           0x800'3d90     0x20c
    1 destination range, total size 0x20c:
          0x2000'0000     0x20c



*******************************************************************************
*** MODULE SUMMARY
***

    Module                    ro code  ro data  rw data
    ------                    -------  -------  -------
command line/config:
    ---------------------------------------------------
    Total:

D:\Workspace\IAR\Graduate project\Debug\Obj: [1]
    ADC.o                         130
    APP.o                         808
    FLASH.o                       180
    FROM.o                          2
    Frame_Provider_Task.o          32
    GPIO.o                        252
    GYRO.o                         70
    I2C.o                          46
    Latch.o                        52               112
    Log_Saver_Task.o               36
    MAGNETO.o                      70
    MRAM.o                        116                 4
    MemoryLayout.o                276                 7
    Receiver_Task.o               208
    SPI.o                          18
    SSP.o                         316      772      512
    SSP_funcs.o                   852
    TMR.o                         532
    Temp_STDS75.o                  16
    Transmitter_Task.o             64
    UART_Handler.o                288                 5
    USART.o                       424
    Update_Telmetry_Task.o        320
    heap_4.o                      660        4   76'832
    list.o                        128
    main.o                        260       32       88
    port.o                        600        8        9
    portasm.o                     176
    queue.o                     2'226
    startup_stm32f40_41xxx.o      756
    system_stm32f4xx.o            292        4        4
    tasks.o                     2'852       12      220
    ---------------------------------------------------
    Total:                     13'058      832   77'793

dl7M_tln.a: [2]
    exit.o                          4
    low_level_init.o                4
    ---------------------------------------------------
    Total:                          8

m7M_tls.a: [3]
    DblAdd.o                      378
    DblDiv.o                      582
    DblMul.o                      418
    DblSub.o                      210
    DblToFlt.o                    104
    FltToDbl.o                     72
    U32ToDbl.o                     26
    fpinit_M.o                     34
    ---------------------------------------------------
    Total:                      1'824

rt7M_tl.a: [4]
    ABImemcpy.o                   166
    ABImemset.o                   102
    cexit.o                        10
    cmain.o                        30
    copy_init3.o                   46
    cstartup_M.o                   12
    data_init.o                    40
    memset.o                       20
    zero_init3.o                   58
    ---------------------------------------------------
    Total:                        484

shb_l.a: [5]
    exit.o                         20
    ---------------------------------------------------
    Total:                         20

    Gaps                           20        2
    Linker created                          36    8'192
-------------------------------------------------------
    Grand Total:               15'414      870   85'985


*******************************************************************************
*** ENTRY LIST
***

Entry                       Address      Size  Type      Object
-----                       -------      ----  ----      ------
.iar.init_table$$Base    0x800'3b5c             --   Gb  - Linker created -
.iar.init_table$$Limit   0x800'3b80             --   Gb  - Linker created -
?main                    0x800'3ba1            Code  Gb  cmain.o [4]
ADC_myInit               0x800'2c23      0x50  Code  Gb  ADC.o [1]
ADC_myRead               0x800'2c73      0x20  Code  Gb  ADC.o [1]
ADC_myStart              0x800'2c11      0x12  Code  Gb  ADC.o [1]
APP_ADCPins              0x800'29e3      0x2e  Code  Gb  APP.o [1]
APP_FLASHPins            0x800'27ad      0x44  Code  Gb  APP.o [1]
APP_I2CPins              0x800'28dd      0x46  Code  Gb  APP.o [1]
APP_SPIPins              0x800'2923      0xc0  Code  Gb  APP.o [1]
APP_TimerPins            0x800'27f1      0x84  Code  Gb  APP.o [1]
APP_UARTPins             0x800'2a11      0x44  Code  Gb  APP.o [1]
APP_clockRun             0x800'2875      0x68  Code  Gb  APP.o [1]
APP_init                 0x800'2a55      0x48  Code  Gb  APP.o [1]
CSTACK$$Base            0x2001'2fe8             --   Gb  - Linker created -
CSTACK$$Limit           0x2001'4fe8             --   Gb  - Linker created -
CUSTOM                   0x800'1d3b       0x2  Code  Gb  SSP_funcs.o [1]
FLASH_init               0x800'2395      0x26  Code  Gb  FLASH.o [1]
FLASH_lock               0x800'23c7       0xc  Code  Gb  FLASH.o [1]
FLASH_readWord           0x800'23fb       0x4  Code  Gb  FLASH.o [1]
FLASH_sectorErase        0x800'23ff      0x34  Code  Gb  FLASH.o [1]
FLASH_unlock             0x800'23bb       0xc  Code  Gb  FLASH.o [1]
FLASH_writeWord          0x800'23d3      0x28  Code  Gb  FLASH.o [1]
FRAME_CRCCalc            0x800'2131      0x3c  Code  Gb  SSP.o [1]
FRAME_CRCCalc::bytetab  0x2000'0000     0x200  Data  Lc  SSP.o [1]
FRAME_CRCCmp             0x800'20c5      0x26  Code  Gb  SSP.o [1]
FRAME_CRCSet             0x800'20eb      0x20  Code  Gb  SSP.o [1]
FRAME_checkError         0x800'2045       0xe  Code  Gb  SSP.o [1]
FRAME_flush              0x800'2065       0xc  Code  Gb  SSP.o [1]
FRAME_lengthCheck        0x800'2071      0x12  Code  Gb  SSP.o [1]
FRAME_put                0x800'2053      0x12  Code  Gb  SSP.o [1]
FRAME_send               0x800'210b      0x26  Code  Gb  SSP.o [1]
FRAME_typeCall           0x800'2083      0x14  Code  Gb  SSP.o [1]
FRAME_typeCheck          0x800'2097      0x2e  Code  Gb  SSP.o [1]
FROM_init                0x800'2d33       0x2  Code  Gb  FROM.o [1]
FlashErase               0x800'1fb1      0x10  Code  Gb  SSP_funcs.o [1]
Flashlock                0x800'1fcf       0xe  Code  Gb  SSP_funcs.o [1]
Flashunlock              0x800'1fc1       0xe  Code  Gb  SSP_funcs.o [1]
FrameGet                 0x800'2469      0x3c  Code  Lc  MemoryLayout.o [1]
FrameLoad                0x800'24ef      0x5e  Code  Gb  MemoryLayout.o [1]
FrameStore               0x800'24a5      0x4a  Code  Gb  MemoryLayout.o [1]
FramesQueue             0x2001'2f84       0x4  Data  Gb  main.o [1]
GPIO_Init                0x800'2ad5      0xa8  Code  Gb  GPIO.o [1]
GPIO_PinAFConfig         0x800'2b7d      0x54  Code  Gb  GPIO.o [1]
GYRO_Read                0x800'2cef      0x2e  Code  Gb  GYRO.o [1]
GYRO_init                0x800'2ced       0x2  Code  Gb  GYRO.o [1]
GYRO_read_WIA            0x800'2d2d       0x6  Code  Gb  GYRO.o [1]
I2C_myInit               0x800'2bd1      0x2e  Code  Gb  I2C.o [1]
Latch_changeLatching     0x800'2575       0x8  Code  Gb  Latch.o [1]
Latch_changeSetting      0x800'2565       0x8  Code  Gb  Latch.o [1]
Latch_frame              0x800'257d       0xe  Code  Gb  Latch.o [1]
Latch_isLatched          0x800'256d       0x8  Code  Gb  Latch.o [1]
Latch_isset              0x800'255d       0x8  Code  Gb  Latch.o [1]
MAGNETO_Read             0x800'2c97      0x2e  Code  Gb  MAGNETO.o [1]
MAGNETO_init             0x800'2c95       0x2  Code  Gb  MAGNETO.o [1]
MAGNETO_read_WIA         0x800'2cd5       0x6  Code  Gb  MAGNETO.o [1]
MRAMARR                 0x2001'2f98       0x4  Data  Gb  MRAM.o [1]
MRAM_init                0x800'2739      0x10  Code  Gb  MRAM.o [1]
MRAM_readBuffer          0x800'2749      0x2e  Code  Gb  MRAM.o [1]
MRAM_writeBuffer         0x800'2777      0x2e  Code  Gb  MRAM.o [1]
NVIC_EnableIRQ           0x800'2591      0x14  Code  Lc  USART.o [1]
NVIC_SetPriority         0x800'25a5      0x24  Code  Lc  USART.o [1]
PendSV_Handler           0x800'12b9            Code  Gb  portasm.o [1]
RESERVED                 0x800'1d39       0x2  Code  Gb  SSP_funcs.o [1]
ReadLog                  0x800'1fdd       0xa  Code  Gb  SSP_funcs.o [1]
ReceivedFramesQueue     0x2001'2f88       0x4  Data  Gb  main.o [1]
RecievedType             0x800'37d4     0x104  Data  Lc  SSP.o [1]
Region$$Table$$Base      0x800'3b5c             --   Gb  - Linker created -
Region$$Table$$Limit     0x800'3b80             --   Gb  - Linker created -
Reset_Handler            0x800'3be9            Code  Wk  startup_stm32f40_41xxx.o [1]
SPI_Init                 0x800'2bff      0x12  Code  Gb  SPI.o [1]
SVC_Handler              0x800'1311            Code  Gb  portasm.o [1]
SavedFramesQueue        0x2001'2f90       0x4  Data  Gb  main.o [1]
SensorsData             0x2001'2ee0      0x40  Data  Gb  main.o [1]
SensorsInfo             0x2001'2f64       0x8  Data  Gb  main.o [1]
SetSysClock              0x800'35d7      0xaa  Code  Lc  system_stm32f4xx.o [1]
StartLatch               0x800'1fe7      0x28  Code  Gb  SSP_funcs.o [1]
StopLatch                0x800'200f      0x28  Code  Gb  SSP_funcs.o [1]
SysTick_Handler          0x800'11e1      0x28  Code  Gb  port.o [1]
SystemCoreClock         0x2000'0204       0x4  Data  Gb  system_stm32f4xx.o [1]
SystemInit               0x800'3591      0x46  Code  Gb  system_stm32f4xx.o [1]
TMR_myInit               0x800'2269      0xcc  Code  Gb  TMR.o [1]
TMR_setPWM               0x800'2181      0xe8  Code  Gb  TMR.o [1]
Temp_Read                0x800'2ce1       0x6  Code  Gb  Temp_STDS75.o [1]
Temp_init                0x800'2cdd       0x2  Code  Gb  Temp_STDS75.o [1]
TransmittedFramesQueue  0x2001'2f8c       0x4  Data  Gb  main.o [1]
USART1_IRQHandler        0x800'36b5     0x120  Code  Gb  UART_Handler.o [1]
USART1_IRQHandler::isthisme
                        0x2001'2fe0       0x1  Data  Lc  UART_Handler.o [1]
USART_GetFlagStatus      0x800'26cb      0x14  Code  Gb  USART.o [1]
USART_GetITStatus        0x800'26df      0x5a  Code  Gb  USART.o [1]
USART_ReceiveData        0x800'26c3       0x8  Code  Gb  USART.o [1]
USART_SendData           0x800'2645      0x1c  Code  Gb  USART.o [1]
USART_SendStr            0x800'2661      0x62  Code  Gb  USART.o [1]
USART_myInit             0x800'25c9      0x6c  Code  Gb  USART.o [1]
__aeabi_d2f              0x800'2ee1            Code  Gb  DblToFlt.o [3]
__aeabi_dadd             0x800'2d65            Code  Gb  DblAdd.o [3]
__aeabi_ddiv             0x800'301d            Code  Gb  DblDiv.o [3]
__aeabi_dmul             0x800'3265            Code  Gb  DblMul.o [3]
__aeabi_f2d              0x800'3549            Code  Gb  FltToDbl.o [3]
__aeabi_memcpy           0x800'1c49            Code  Gb  ABImemcpy.o [4]
__aeabi_memcpy4          0x800'1c69            Code  Gb  ABImemcpy.o [4]
__aeabi_memcpy8          0x800'1c69            Code  Gb  ABImemcpy.o [4]
__aeabi_memset           0x800'0fc1            Code  Gb  ABImemset.o [4]
__aeabi_ui2d             0x800'2d49            Code  Gb  U32ToDbl.o [3]
__cmain                  0x800'3ba1            Code  Gb  cmain.o [4]
__exit                   0x800'3bd5      0x14  Code  Gb  exit.o [5]
__iar_Memset             0x800'0fc1            Code  Gb  ABImemset.o [4]
__iar_Memset_word        0x800'0fc9            Code  Gb  ABImemset.o [4]
__iar_copy_init3         0x800'1c1b      0x2e  Code  Gb  copy_init3.o [4]
__iar_dadd               0x800'2f49            Code  Gb  DblSub.o [3]
__iar_data_init3         0x800'3aed      0x28  Code  Gb  data_init.o [4]
__iar_dsub               0x800'2d75            Code  Gb  DblAdd.o [3]
__iar_dsubStart          0x800'2d87            Code  Gb  DblAdd.o [3]
__iar_init_vfp           0x800'3b39            Code  Gb  fpinit_M.o [3]
__iar_program_start      0x800'3bf9            Code  Gb  cstartup_M.o [4]
__iar_zero_init3         0x800'1027      0x3a  Code  Gb  zero_init3.o [4]
__low_level_init         0x800'3bbf       0x4  Code  Gb  low_level_init.o [2]
__vector_table           0x800'0000            Data  Gb  startup_stm32f40_41xxx.o [1]
_call_main               0x800'3bad            Code  Gb  cmain.o [4]
_exit                    0x800'3bc9            Code  Gb  cexit.o [4]
_main                    0x800'3bbb            Code  Gb  cmain.o [4]
ack                      0x800'1d21       0xc  Code  Gb  SSP_funcs.o [1]
addrt                    0x800'1d3d       0x2  Code  Gb  SSP_funcs.o [1]
changeMotors             0x800'1eb7      0x68  Code  Gb  SSP_funcs.o [1]
delrt                    0x800'1d3f       0x2  Code  Gb  SSP_funcs.o [1]
exit                     0x800'3bc3       0x4  Code  Gb  exit.o [2]
flashRead                0x800'1f9b      0x16  Code  Gb  SSP_funcs.o [1]
flashWrite               0x800'1f87      0x14  Code  Gb  SSP_funcs.o [1]
get                      0x800'1d2f       0x2  Code  Gb  SSP_funcs.o [1]
getAngles                0x800'1d43      0x4a  Code  Gb  SSP_funcs.o [1]
getGyroData              0x800'1d8d      0x4c  Code  Gb  SSP_funcs.o [1]
getIndexStart            0x800'2449      0x20  Code  Lc  MemoryLayout.o [1]
getMagnetoData           0x800'1dd9      0x50  Code  Gb  SSP_funcs.o [1]
getMotors                0x800'1f1f      0x68  Code  Gb  SSP_funcs.o [1]
getSSData                0x800'1e51      0x3e  Code  Gb  SSP_funcs.o [1]
getTelemetryData         0x800'1e8f      0x28  Code  Gb  SSP_funcs.o [1]
getTempData              0x800'1e29      0x28  Code  Gb  SSP_funcs.o [1]
getrt                    0x800'1d41       0x2  Code  Gb  SSP_funcs.o [1]
id                       0x800'1d37       0x2  Code  Gb  SSP_funcs.o [1]
init                     0x800'1d19       0x8  Code  Gb  SSP_funcs.o [1]
latchvar                0x2001'2e0c      0x70  Data  Gb  Latch.o [1]
main                     0x800'38d9      0xc8  Code  Gb  main.o [1]
memset                   0x800'2d35      0x14  Code  Gb  memset.o [4]
nack                     0x800'1d2d       0x2  Code  Gb  SSP_funcs.o [1]
pFrame                  0x2001'2fd8       0x4  Data  Gb  UART_Handler.o [1]
pcInterruptPriorityRegisters
                         0x800'3c30       0x4  Data  Lc  port.o [1]
ping                     0x800'1d13       0x6  Code  Gb  SSP_funcs.o [1]
prvAddCurrentTaskToDelayedList
                         0x800'0c31      0x56  Code  Lc  tasks.o [1]
prvAddNewTaskToReadyList
                         0x800'02cd      0xbc  Code  Lc  tasks.o [1]
prvCheckTasksWaitingTermination
                         0x800'096f       0x2  Code  Lc  tasks.o [1]
prvCopyDataFromQueue     0x800'1b49      0x2a  Code  Lc  queue.o [1]
prvCopyDataToQueue       0x800'1ac3      0x86  Code  Lc  queue.o [1]
prvGetDisinheritPriorityAfterTimeout
                         0x800'1aaf      0x14  Code  Lc  queue.o [1]
prvHeapInit              0x800'0e5f      0x5e  Code  Lc  heap_4.o [1]
prvIdleTask              0x800'0921       0x8  Code  Lc  tasks.o [1]
prvInitialiseMutex       0x800'14ab      0x1e  Code  Lc  queue.o [1]
prvInitialiseNewQueue    0x800'148f      0x1c  Code  Lc  queue.o [1]
prvInitialiseNewTask     0x800'01f5      0xd8  Code  Lc  tasks.o [1]
prvInitialiseTaskLists   0x800'0929      0x46  Code  Lc  tasks.o [1]
prvInsertBlockIntoFreeList
                         0x800'0ebd      0x5e  Code  Lc  heap_4.o [1]
prvIsQueueEmpty          0x800'1be1      0x1c  Code  Lc  queue.o [1]
prvIsQueueFull           0x800'1bfd      0x1e  Code  Lc  queue.o [1]
prvResetNextTaskUnblockTime
                         0x800'0971      0x26  Code  Lc  tasks.o [1]
prvTaskExitError         0x800'1089      0x2a  Code  Lc  port.o [1]
prvUnlockQueue           0x800'1b73      0x6e  Code  Lc  queue.o [1]
ptempFrame              0x2001'2f94       0x4  Data  Gb  MemoryLayout.o [1]
put                      0x800'1d31       0x2  Code  Gb  SSP_funcs.o [1]
pvPortMalloc             0x800'0cad     0x138  Code  Gb  heap_4.o [1]
pvTaskIncrementMutexHeldCount
                         0x800'0bcb      0x16  Code  Gb  tasks.o [1]
pxCurrentTCB            0x2001'2fa0       0x4  Data  Gb  tasks.o [1]
pxDelayedTaskList       0x2001'2fa4       0x4  Data  Lc  tasks.o [1]
pxEnd                   0x2001'2f6c       0x4  Data  Lc  heap_4.o [1]
pxOverflowDelayedTaskList
                        0x2001'2fa8       0x4  Data  Lc  tasks.o [1]
pxPortInitialiseStack    0x800'1061      0x28  Code  Gb  port.o [1]
pxReadyTasksLists       0x2001'2e7c      0x64  Data  Lc  tasks.o [1]
queuefloat               0x800'1cf1      0x22  Code  Gb  SSP_funcs.o [1]
read                     0x800'1d33       0x2  Code  Gb  SSP_funcs.o [1]
rear                    0x2001'2fde       0x1  Data  Lc  MemoryLayout.o [1]
size                    0x2001'2fdc       0x2  Data  Lc  MemoryLayout.o [1]
ucHeap                  0x2000'020c  0x1'2c00  Data  Lc  heap_4.o [1]
ucMaxSysCallPriority    0x2001'2fdf       0x1  Data  Lc  port.o [1]
ulMaxPRIGROUPValue      0x2001'2f9c       0x4  Data  Lc  port.o [1]
uxCriticalNesting       0x2000'0200       0x4  Data  Lc  port.o [1]
uxCurrentNumberOfTasks  0x2001'2fac       0x4  Data  Lc  tasks.o [1]
uxListRemove             0x800'0f9b      0x26  Code  Gb  list.o [1]
uxSchedulerSuspended    0x2001'2fd4       0x4  Data  Lc  tasks.o [1]
uxTaskNumber            0x2001'2fc8       0x4  Data  Lc  tasks.o [1]
uxTopReadyPriority      0x2001'2fb4       0x4  Data  Lc  tasks.o [1]
uxTopUsedPriority       0x2000'0208       0x4  Data  Gb  tasks.o [1]
vFrame_Provider_Task     0x800'3b81      0x20  Code  Gb  Frame_Provider_Task.o [1]
vListInitialise          0x800'0f41      0x1e  Code  Gb  list.o [1]
vListInitialiseItem      0x800'0f5f       0x6  Code  Gb  list.o [1]
vListInsert              0x800'0f65      0x36  Code  Gb  list.o [1]
vLog_Saver_Task          0x800'3b15      0x24  Code  Gb  Log_Saver_Task.o [1]
vPortEnableVFP           0x800'134d            Code  Gb  portasm.o [1]
vPortEnterCritical       0x800'1181      0x34  Code  Gb  port.o [1]
vPortExitCritical        0x800'11b5      0x2c  Code  Gb  port.o [1]
vPortFree                0x800'0de5      0x7a  Code  Gb  heap_4.o [1]
vPortStartFirstTask      0x800'132d            Code  Gb  portasm.o [1]
vPortValidateInterruptPriority
                         0x800'1209      0x4a  Code  Gb  port.o [1]
vReceiver_Task           0x800'39dd      0xd0  Code  Gb  Receiver_Task.o [1]
vTaskDelay               0x800'0389      0x4c  Code  Gb  tasks.o [1]
vTaskInternalSetTimeOutState
                         0x800'0887      0x12  Code  Gb  tasks.o [1]
vTaskMissedYield         0x800'0913       0xa  Code  Gb  tasks.o [1]
vTaskPlaceOnEventList    0x800'0761      0x2e  Code  Gb  tasks.o [1]
vTaskPriorityDisinheritAfterTimeout
                         0x800'0b05      0xc6  Code  Gb  tasks.o [1]
vTaskStartScheduler      0x800'03d5      0x6a  Code  Gb  tasks.o [1]
vTaskSuspendAll          0x800'043f       0xc  Code  Gb  tasks.o [1]
vTaskSwitchContext       0x800'06ef      0x72  Code  Gb  tasks.o [1]
vTransmitter_Task        0x800'3aad      0x40  Code  Gb  Transmitter_Task.o [1]
vUpdate_Telmetry_Task    0x800'3409     0x140  Code  Gb  Update_Telmetry_Task.o [1]
write                    0x800'1d35       0x2  Code  Gb  SSP_funcs.o [1]
xBlockAllocatedBit      0x2001'2f80       0x4  Data  Lc  heap_4.o [1]
xDelayedTaskList1       0x2001'2f20      0x14  Data  Lc  tasks.o [1]
xDelayedTaskList2       0x2001'2f34      0x14  Data  Lc  tasks.o [1]
xFreeBytesRemaining     0x2001'2f70       0x4  Data  Lc  heap_4.o [1]
xHeapStructSize          0x800'3c2c       0x4  Data  Lc  heap_4.o [1]
xIdleTaskHandle         0x2001'2fd0       0x4  Data  Lc  tasks.o [1]
xMinimumEverFreeBytesRemaining
                        0x2001'2f74       0x4  Data  Lc  heap_4.o [1]
xNextTaskUnblockTime    0x2001'2fcc       0x4  Data  Lc  tasks.o [1]
xNumOfOverflows         0x2001'2fc4       0x4  Data  Lc  tasks.o [1]
xNumberOfSuccessfulAllocations
                        0x2001'2f78       0x4  Data  Lc  heap_4.o [1]
xNumberOfSuccessfulFrees
                        0x2001'2f7c       0x4  Data  Lc  heap_4.o [1]
xPendedTicks            0x2001'2fbc       0x4  Data  Lc  tasks.o [1]
xPendingReadyList       0x2001'2f48      0x14  Data  Lc  tasks.o [1]
xPortStartScheduler      0x800'10b3      0xce  Code  Gb  port.o [1]
xQueueCreateMutex        0x800'14c9      0x1a  Code  Gb  queue.o [1]
xQueueGenericCreate      0x800'142f      0x60  Code  Gb  queue.o [1]
xQueueGenericReset       0x800'1369      0xc6  Code  Gb  queue.o [1]
xQueueGenericSend        0x800'14e3     0x16c  Code  Gb  queue.o [1]
xQueueGenericSendFromISR
                         0x800'164f      0xf8  Code  Gb  queue.o [1]
xQueueReceive            0x800'1747     0x130  Code  Gb  queue.o [1]
xQueueReceiveFromISR     0x800'19e9      0xc6  Code  Gb  queue.o [1]
xQueueSemaphoreTake      0x800'1877     0x16c  Code  Gb  queue.o [1]
xSchedulerRunning       0x2001'2fb8       0x4  Data  Lc  tasks.o [1]
xStart                  0x2001'2f5c       0x8  Data  Lc  heap_4.o [1]
xTaskCheckForTimeOut     0x800'0899      0x7a  Code  Gb  tasks.o [1]
xTaskCreate              0x800'0189      0x6c  Code  Gb  tasks.o [1]
xTaskIncrementTick       0x800'058f     0x160  Code  Gb  tasks.o [1]
xTaskPriorityDisinherit
                         0x800'0a4b      0xba  Code  Gb  tasks.o [1]
xTaskPriorityInherit     0x800'0997      0xb4  Code  Gb  tasks.o [1]
xTaskRemoveFromEventList
                         0x800'078f      0xf8  Code  Gb  tasks.o [1]
xTaskResumeAll           0x800'044b     0x144  Code  Gb  tasks.o [1]
xTickCount              0x2001'2fb0       0x4  Data  Lc  tasks.o [1]
xYieldPending           0x2001'2fc0       0x4  Data  Lc  tasks.o [1]


[1] = D:\Workspace\IAR\Graduate project\Debug\Obj
[2] = dl7M_tln.a
[3] = m7M_tls.a
[4] = rt7M_tl.a
[5] = shb_l.a

  15'414 bytes of readonly  code memory
     870 bytes of readonly  data memory
  85'985 bytes of readwrite data memory

Errors: none
Warnings: none
